Component: ARM Compiler 5.06 update 7 (build 960) Tool: armlink [4d3601]

==============================================================================

Section Cross References

    startup_stm32f446xx.o(STACK) refers (Special) to heapauxi.o(.text) for __use_two_region_memory
    startup_stm32f446xx.o(HEAP) refers (Special) to heapauxi.o(.text) for __use_two_region_memory
    startup_stm32f446xx.o(RESET) refers (Special) to heapauxi.o(.text) for __use_two_region_memory
    startup_stm32f446xx.o(RESET) refers to startup_stm32f446xx.o(STACK) for __initial_sp
    startup_stm32f446xx.o(RESET) refers to startup_stm32f446xx.o(.text) for Reset_Handler
    startup_stm32f446xx.o(RESET) refers to stm32f4xx_it.o(i.NMI_Handler) for NMI_Handler
    startup_stm32f446xx.o(RESET) refers to stm32f4xx_it.o(i.HardFault_Handler) for HardFault_Handler
    startup_stm32f446xx.o(RESET) refers to stm32f4xx_it.o(i.MemManage_Handler) for MemManage_Handler
    startup_stm32f446xx.o(RESET) refers to stm32f4xx_it.o(i.BusFault_Handler) for BusFault_Handler
    startup_stm32f446xx.o(RESET) refers to stm32f4xx_it.o(i.UsageFault_Handler) for UsageFault_Handler
    startup_stm32f446xx.o(RESET) refers to stm32f4xx_it.o(i.SVC_Handler) for SVC_Handler
    startup_stm32f446xx.o(RESET) refers to stm32f4xx_it.o(i.DebugMon_Handler) for DebugMon_Handler
    startup_stm32f446xx.o(RESET) refers to stm32f4xx_it.o(i.PendSV_Handler) for PendSV_Handler
    startup_stm32f446xx.o(RESET) refers to stm32f4xx_it.o(i.SysTick_Handler) for SysTick_Handler
    startup_stm32f446xx.o(RESET) refers to stm32f4xx_it.o(i.TIM1_UP_TIM10_IRQHandler) for TIM1_UP_TIM10_IRQHandler
    startup_stm32f446xx.o(RESET) refers to stm32f4xx_it.o(i.I2C1_ER_IRQHandler) for I2C1_ER_IRQHandler
    startup_stm32f446xx.o(RESET) refers to stm32f4xx_it.o(i.USART1_IRQHandler) for USART1_IRQHandler
    startup_stm32f446xx.o(RESET) refers to stm32f4xx_it.o(i.TIM6_DAC_IRQHandler) for TIM6_DAC_IRQHandler
    startup_stm32f446xx.o(RESET) refers to stm32f4xx_it.o(i.DMA2_Stream1_IRQHandler) for DMA2_Stream1_IRQHandler
    startup_stm32f446xx.o(RESET) refers to stm32f4xx_it.o(i.DMA2_Stream2_IRQHandler) for DMA2_Stream2_IRQHandler
    startup_stm32f446xx.o(RESET) refers to stm32f4xx_it.o(i.DMA2_Stream6_IRQHandler) for DMA2_Stream6_IRQHandler
    startup_stm32f446xx.o(RESET) refers to stm32f4xx_it.o(i.DMA2_Stream7_IRQHandler) for DMA2_Stream7_IRQHandler
    startup_stm32f446xx.o(RESET) refers to stm32f4xx_it.o(i.USART6_IRQHandler) for USART6_IRQHandler
    startup_stm32f446xx.o(.text) refers (Special) to heapauxi.o(.text) for __use_two_region_memory
    startup_stm32f446xx.o(.text) refers to system_stm32f4xx.o(i.SystemInit) for SystemInit
    startup_stm32f446xx.o(.text) refers to __main.o(!!!main) for __main
    startup_stm32f446xx.o(.text) refers to startup_stm32f446xx.o(HEAP) for Heap_Mem
    startup_stm32f446xx.o(.text) refers to startup_stm32f446xx.o(STACK) for Stack_Mem
    main.o(i.Calculate_Angles) refers to stm32f4xx_hal.o(i.HAL_GetTick) for HAL_GetTick
    main.o(i.Calculate_Angles) refers to fmodf.o(i.__hardfp_fmodf) for __hardfp_fmodf
    main.o(i.Calculate_Angles) refers to main.o(.data) for .data
    main.o(i.ControlMotor) refers to tim.o(.bss) for htim3
    main.o(i.HAL_I2C_ErrorCallback) refers to stm32f4xx_hal_i2c.o(i.HAL_I2C_DeInit) for HAL_I2C_DeInit
    main.o(i.HAL_I2C_ErrorCallback) refers to stm32f4xx_hal_i2c.o(i.HAL_I2C_Init) for HAL_I2C_Init
    main.o(i.HAL_TIM_PeriodElapsedCallback) refers to main.o(i.SendUplinkPacket) for SendUplinkPacket
    main.o(i.HAL_TIM_PeriodElapsedCallback) refers to main.o(i.SendUplinkPacket2) for SendUplinkPacket2
    main.o(i.HAL_TIM_PeriodElapsedCallback) refers to main.o(i.MPU6500_Read_All) for MPU6500_Read_All
    main.o(i.HAL_TIM_PeriodElapsedCallback) refers to main.o(i.Calculate_Angles) for Calculate_Angles
    main.o(i.HAL_TIM_PeriodElapsedCallback) refers to main.o(.data) for .data
    main.o(i.HAL_TIM_PeriodElapsedCallback) refers to main.o(.bss) for .bss
    main.o(i.HAL_TIM_PeriodElapsedCallback) refers to i2c.o(.bss) for hi2c1
    main.o(i.HAL_UART_RxCpltCallback) refers to rt_memmove_v6.o(.text) for __aeabi_memmove
    main.o(i.HAL_UART_RxCpltCallback) refers to main.o(i.ParseDownlinkCommand) for ParseDownlinkCommand
    main.o(i.HAL_UART_RxCpltCallback) refers to stm32f4xx_hal_uart.o(i.HAL_UART_Receive_DMA) for HAL_UART_Receive_DMA
    main.o(i.HAL_UART_RxCpltCallback) refers to stm32f4xx_hal_uart.o(i.HAL_UART_Receive_IT) for HAL_UART_Receive_IT
    main.o(i.HAL_UART_RxCpltCallback) refers to main.o(.data) for .data
    main.o(i.HAL_UART_RxCpltCallback) refers to main.o(.bss) for .bss
    main.o(i.HAL_UART_RxCpltCallback) refers to usart.o(.bss) for huart1
    main.o(i.HAL_UART_TxCpltCallback) refers to main.o(.data) for .data
    main.o(i.HandleMovementTask) refers to main.o(i.ControlMotor) for ControlMotor
    main.o(i.HandleMovementTask) refers to main.o(.data) for .data
[...]
    i.HAL_I2C_Mem_Read                       0x0800124c   Section        0  stm32f4xx_hal_i2c.o(i.HAL_I2C_Mem_Read)
    i.HAL_I2C_Mem_Write                      0x08001450   Section        0  stm32f4xx_hal_i2c.o(i.HAL_I2C_Mem_Write)
    i.HAL_I2C_MspDeInit                      0x08001580   Section        0  i2c.o(i.HAL_I2C_MspDeInit)
    i.HAL_I2C_MspInit                        0x080015c0   Section        0  i2c.o(i.HAL_I2C_MspInit)
    i.HAL_I2C_SlaveTxCpltCallback            0x0800163c   Section        0  stm32f4xx_hal_i2c.o(i.HAL_I2C_SlaveTxCpltCallback)
    i.HAL_IncTick                            0x08001640   Section        0  stm32f4xx_hal.o(i.HAL_IncTick)
    i.HAL_Init                               0x08001650   Section        0  stm32f4xx_hal.o(i.HAL_Init)
    i.HAL_InitTick                           0x08001684   Section        0  stm32f4xx_hal.o(i.HAL_InitTick)
    i.HAL_MspInit                            0x080016c4   Section        0  stm32f4xx_hal_msp.o(i.HAL_MspInit)
    i.HAL_NVIC_DisableIRQ                    0x080016f8   Section        0  stm32f4xx_hal_cortex.o(i.HAL_NVIC_DisableIRQ)
    i.HAL_NVIC_EnableIRQ                     0x0800171a   Section        0  stm32f4xx_hal_cortex.o(i.HAL_NVIC_EnableIRQ)
    i.HAL_NVIC_SetPriority                   0x08001734   Section        0  stm32f4xx_hal_cortex.o(i.HAL_NVIC_SetPriority)
    i.HAL_NVIC_SetPriorityGrouping           0x08001774   Section        0  stm32f4xx_hal_cortex.o(i.HAL_NVIC_SetPriorityGrouping)
    i.HAL_PWREx_EnableOverDrive              0x08001798   Section        0  stm32f4xx_hal_pwr_ex.o(i.HAL_PWREx_EnableOverDrive)
    i.HAL_RCC_ClockConfig                    0x08001808   Section        0  stm32f4xx_hal_rcc.o(i.HAL_RCC_ClockConfig)
    i.HAL_RCC_GetPCLK1Freq                   0x0800193c   Section        0  stm32f4xx_hal_rcc.o(i.HAL_RCC_GetPCLK1Freq)
    i.HAL_RCC_GetPCLK2Freq                   0x0800195c   Section        0  stm32f4xx_hal_rcc.o(i.HAL_RCC_GetPCLK2Freq)
    i.HAL_RCC_GetSysClockFreq                0x0800197c   Section        0  stm32f4xx_hal_rcc_ex.o(i.HAL_RCC_GetSysClockFreq)
    i.HAL_RCC_OscConfig                      0x08001a10   Section        0  stm32f4xx_hal_rcc_ex.o(i.HAL_RCC_OscConfig)
    i.HAL_SYSTICK_Config                     0x08001da8   Section        0  stm32f4xx_hal_cortex.o(i.HAL_SYSTICK_Config)
    i.HAL_TIMEx_BreakCallback                0x08001dd0   Section        0  stm32f4xx_hal_tim_ex.o(i.HAL_TIMEx_BreakCallback)
    i.HAL_TIMEx_CommutCallback               0x08001dd2   Section        0  stm32f4xx_hal_tim_ex.o(i.HAL_TIMEx_CommutCallback)
    i.HAL_TIMEx_MasterConfigSynchronization  0x08001dd4   Section        0  stm32f4xx_hal_tim_ex.o(i.HAL_TIMEx_MasterConfigSynchronization)
    i.HAL_TIM_Base_Init                      0x08001e64   Section        0  stm32f4xx_hal_tim.o(i.HAL_TIM_Base_Init)
    i.HAL_TIM_Base_MspInit                   0x08001ec0   Section        0  tim.o(i.HAL_TIM_Base_MspInit)
    i.HAL_TIM_Base_Start_IT                  0x08001f28   Section        0  stm32f4xx_hal_tim.o(i.HAL_TIM_Base_Start_IT)
    i.HAL_TIM_ConfigClockSource              0x08001fa8   Section        0  stm32f4xx_hal_tim.o(i.HAL_TIM_ConfigClockSource)
    i.HAL_TIM_Encoder_Init                   0x08002084   Section        0  stm32f4xx_hal_tim.o(i.HAL_TIM_Encoder_Init)
    i.HAL_TIM_Encoder_MspInit                0x08002128   Section        0  tim.o(i.HAL_TIM_Encoder_MspInit)
    i.HAL_TIM_Encoder_Start                  0x080021d0   Section        0  stm32f4xx_hal_tim.o(i.HAL_TIM_Encoder_Start)
    i.HAL_TIM_IC_CaptureCallback             0x0800225e   Section        0  stm32f4xx_hal_tim.o(i.HAL_TIM_IC_CaptureCallback)
    i.HAL_TIM_IRQHandler                     0x08002260   Section        0  stm32f4xx_hal_tim.o(i.HAL_TIM_IRQHandler)
    i.HAL_TIM_MspPostInit                    0x08002390   Section        0  tim.o(i.HAL_TIM_MspPostInit)
    i.HAL_TIM_OC_DelayElapsedCallback        0x08002408   Section        0  stm32f4xx_hal_tim.o(i.HAL_TIM_OC_DelayElapsedCallback)
    i.HAL_TIM_PWM_ConfigChannel              0x0800240a   Section        0  stm32f4xx_hal_tim.o(i.HAL_TIM_PWM_ConfigChannel)
    i.HAL_TIM_PWM_Init                       0x080024d6   Section        0  stm32f4xx_hal_tim.o(i.HAL_TIM_PWM_Init)
    i.HAL_TIM_PWM_MspInit                    0x08002530   Section        0  tim.o(i.HAL_TIM_PWM_MspInit)
    i.HAL_TIM_PWM_PulseFinishedCallback      0x08002558   Section        0  stm32f4xx_hal_tim.o(i.HAL_TIM_PWM_PulseFinishedCallback)
    i.HAL_TIM_PWM_Start                      0x0800255c   Section        0  stm32f4xx_hal_tim.o(i.HAL_TIM_PWM_Start)
    i.HAL_TIM_PeriodElapsedCallback          0x08002624   Section        0  main.o(i.HAL_TIM_PeriodElapsedCallback)
    i.HAL_TIM_TriggerCallback                0x080026c8   Section        0  stm32f4xx_hal_tim.o(i.HAL_TIM_TriggerCallback)
    i.HAL_UARTEx_RxEventCallback             0x080026ca   Section        0  stm32f4xx_hal_uart.o(i.HAL_UARTEx_RxEventCallback)
    i.HAL_UART_ErrorCallback                 0x080026cc   Section        0  stm32f4xx_hal_uart.o(i.HAL_UART_ErrorCallback)
    i.HAL_UART_IRQHandler                    0x080026d0   Section        0  stm32f4xx_hal_uart.o(i.HAL_UART_IRQHandler)
    i.HAL_UART_Init                          0x08002950   Section        0  stm32f4xx_hal_uart.o(i.HAL_UART_Init)
    i.HAL_UART_MspInit                       0x080029b4   Section        0  usart.o(i.HAL_UART_MspInit)
    i.HAL_UART_Receive_DMA                   0x08002b44   Section        0  stm32f4xx_hal_uart.o(i.HAL_UART_Receive_DMA)
    i.HAL_UART_Receive_IT                    0x08002b60   Section        0  stm32f4xx_hal_uart.o(i.HAL_UART_Receive_IT)
    i.HAL_UART_RxCpltCallback                0x08002b7c   Section        0  main.o(i.HAL_UART_RxCpltCallback)
    i.HAL_UART_RxHalfCpltCallback            0x08002c6c   Section        0  stm32f4xx_hal_uart.o(i.HAL_UART_RxHalfCpltCallback)
    i.HAL_UART_Transmit                      0x08002c6e   Section        0  stm32f4xx_hal_uart.o(i.HAL_UART_Transmit)
    i.HAL_UART_Transmit_DMA                  0x08002d10   Section        0  stm32f4xx_hal_uart.o(i.HAL_UART_Transmit_DMA)
    i.HAL_UART_TxCpltCallback                0x08002d94   Section        0  main.o(i.HAL_UART_TxCpltCallback)
    i.HAL_UART_TxHalfCpltCallback            0x08002dac   Section        0  stm32f4xx_hal_uart.o(i.HAL_UART_TxHalfCpltCallback)
    i.HandleMovementTask                     0x08002db0   Section        0  main.o(i.HandleMovementTask)
    i.HardFault_Handler                      0x08002ef8   Section        0  stm32f4xx_it.o(i.HardFault_Handler)
    i.I2C1_ER_IRQHandler                     0x08002efc   Section        0  stm32f4xx_it.o(i.I2C1_ER_IRQHandler)
    i.I2C_DMAAbort                           0x08002f08   Section        0  stm32f4xx_hal_i2c.o(i.I2C_DMAAbort)
    I2C_DMAAbort                             0x08002f09   Thumb Code   182  stm32f4xx_hal_i2c.o(i.I2C_DMAAbort)
    i.I2C_Flush_DR                           0x08002fc4   Section        0  stm32f4xx_hal_i2c.o(i.I2C_Flush_DR)
    I2C_Flush_DR                             0x08002fc5   Thumb Code    16  stm32f4xx_hal_i2c.o(i.I2C_Flush_DR)
    i.I2C_ITError                            0x08002fd4   Section        0  stm32f4xx_hal_i2c.o(i.I2C_ITError)
    I2C_ITError                              0x08002fd5   Thumb Code   336  stm32f4xx_hal_i2c.o(i.I2C_ITError)
    i.I2C_IsAcknowledgeFailed                0x0800312c   Section        0  stm32f4xx_hal_i2c.o(i.I2C_IsAcknowledgeFailed)
    I2C_IsAcknowledgeFailed                  0x0800312d   Thumb Code    46  stm32f4xx_hal_i2c.o(i.I2C_IsAcknowledgeFailed)
    i.I2C_RequestMemoryRead                  0x0800315c   Section        0  stm32f4xx_hal_i2c.o(i.I2C_RequestMemoryRead)
    I2C_RequestMemoryRead                    0x0800315d   Thumb Code   246  stm32f4xx_hal_i2c.o(i.I2C_RequestMemoryRead)
    i.I2C_RequestMemoryWrite                 0x08003258   Section        0  stm32f4xx_hal_i2c.o(i.I2C_RequestMemoryWrite)
    I2C_RequestMemoryWrite                   0x08003259   Thumb Code   162  stm32f4xx_hal_i2c.o(i.I2C_RequestMemoryWrite)
    i.I2C_Slave_AF                           0x08003300   Section        0  stm32f4xx_hal_i2c.o(i.I2C_Slave_AF)
    I2C_Slave_AF                             0x08003301   Thumb Code   138  stm32f4xx_hal_i2c.o(i.I2C_Slave_AF)
    i.I2C_WaitOnBTFFlagUntilTimeout          0x08003390   Section        0  stm32f4xx_hal_i2c.o(i.I2C_WaitOnBTFFlagUntilTimeout)
    I2C_WaitOnBTFFlagUntilTimeout            0x08003391   Thumb Code    86  stm32f4xx_hal_i2c.o(i.I2C_WaitOnBTFFlagUntilTimeout)
    i.I2C_WaitOnFlagUntilTimeout             0x080033e8   Section        0  stm32f4xx_hal_i2c.o(i.I2C_WaitOnFlagUntilTimeout)
    I2C_WaitOnFlagUntilTimeout               0x080033e9   Thumb Code   144  stm32f4xx_hal_i2c.o(i.I2C_WaitOnFlagUntilTimeout)
    i.I2C_WaitOnMasterAddressFlagUntilTimeout 0x08003478   Section        0  stm32f4xx_hal_i2c.o(i.I2C_WaitOnMasterAddressFlagUntilTimeout)
    I2C_WaitOnMasterAddressFlagUntilTimeout  0x08003479   Thumb Code   188  stm32f4xx_hal_i2c.o(i.I2C_WaitOnMasterAddressFlagUntilTimeout)
    i.I2C_WaitOnRXNEFlagUntilTimeout         0x08003534   Section        0  stm32f4xx_hal_i2c.o(i.I2C_WaitOnRXNEFlagUntilTimeout)
    I2C_WaitOnRXNEFlagUntilTimeout           0x08003535   Thumb Code   112  stm32f4xx_hal_i2c.o(i.I2C_WaitOnRXNEFlagUntilTimeout)
    i.I2C_WaitOnTXEFlagUntilTimeout          0x080035a4   Section        0  stm32f4xx_hal_i2c.o(i.I2C_WaitOnTXEFlagUntilTimeout)
    I2C_WaitOnTXEFlagUntilTimeout            0x080035a5   Thumb Code    86  stm32f4xx_hal_i2c.o(i.I2C_WaitOnTXEFlagUntilTimeout)
    i.MPU6500_Calibrate                      0x080035fc   Section        0  main.o(i.MPU6500_Calibrate)
    i.MPU6500_Init                           0x08003650   Section        0  main.o(i.MPU6500_Init)
    i.MPU6500_Read_All                       0x080036d0   Section        0  main.o(i.MPU6500_Read_All)
    i.MX_DMA_Init                            0x08003744   Section        0  dma.o(i.MX_DMA_Init)
    i.MX_GPIO_Init                           0x080037a0   Section        0  gpio.o(i.MX_GPIO_Init)
    i.MX_I2C1_Init                           0x08003850   Section        0  i2c.o(i.MX_I2C1_Init)
    i.MX_TIM1_Init                           0x08003890   Section        0  tim.o(i.MX_TIM1_Init)
    i.MX_TIM2_Init                           0x080038f8   Section        0  tim.o(i.MX_TIM2_Init)
    i.MX_TIM3_Init                           0x0800395c   Section        0  tim.o(i.MX_TIM3_Init)
    i.MX_TIM4_Init                           0x080039fc   Section        0  tim.o(i.MX_TIM4_Init)
    i.MX_TIM6_Init                           0x08003a64   Section        0  tim.o(i.MX_TIM6_Init)
    i.MX_USART1_UART_Init                    0x08003aa8   Section        0  usart.o(i.MX_USART1_UART_Init)
    i.MX_USART6_UART_Init                    0x08003ae0   Section        0  usart.o(i.MX_USART6_UART_Init)
    i.MemManage_Handler                      0x08003b18   Section        0  stm32f4xx_it.o(i.MemManage_Handler)
    i.NMI_Handler                            0x08003b1a   Section        0  stm32f4xx_it.o(i.NMI_Handler)
    i.ParseDownlinkCommand                   0x08003b1c   Section        0  main.o(i.ParseDownlinkCommand)
    i.PendSV_Handler                         0x08003c18   Section        0  stm32f4xx_it.o(i.PendSV_Handler)
    i.SVC_Handler                            0x08003c1a   Section        0  stm32f4xx_it.o(i.SVC_Handler)
    i.SendUplinkPacket                       0x08003c1c   Section        0  main.o(i.SendUplinkPacket)
    i.SendUplinkPacket2                      0x08003c78   Section        0  main.o(i.SendUplinkPacket2)
    i.SysTick_Handler                        0x08003cd8   Section        0  stm32f4xx_it.o(i.SysTick_Handler)
    i.SystemClock_Config                     0x08003cdc   Section        0  main.o(i.SystemClock_Config)
    i.SystemInit                             0x08003d7c   Section        0  system_stm32f4xx.o(i.SystemInit)
    i.TIM1_UP_TIM10_IRQHandler               0x08003d8c   Section        0  stm32f4xx_it.o(i.TIM1_UP_TIM10_IRQHandler)
    i.TIM6_DAC_IRQHandler                    0x08003d98   Section        0  stm32f4xx_it.o(i.TIM6_DAC_IRQHandler)
    i.TIM_Base_SetConfig                     0x08003da4   Section        0  stm32f4xx_hal_tim.o(i.TIM_Base_SetConfig)
    i.TIM_CCxChannelCmd                      0x08003e74   Section        0  stm32f4xx_hal_tim.o(i.TIM_CCxChannelCmd)
    i.TIM_ETR_SetConfig                      0x08003e8e   Section        0  stm32f4xx_hal_tim.o(i.TIM_ETR_SetConfig)
    i.TIM_ITRx_SetConfig                     0x08003ea2   Section        0  stm32f4xx_hal_tim.o(i.TIM_ITRx_SetConfig)
    TIM_ITRx_SetConfig                       0x08003ea3   Thumb Code    16  stm32f4xx_hal_tim.o(i.TIM_ITRx_SetConfig)
    i.TIM_OC1_SetConfig                      0x08003eb4   Section        0  stm32f4xx_hal_tim.o(i.TIM_OC1_SetConfig)
    TIM_OC1_SetConfig                        0x08003eb5   Thumb Code    88  stm32f4xx_hal_tim.o(i.TIM_OC1_SetConfig)
    i.TIM_OC2_SetConfig                      0x08003f14   Section        0  stm32f4xx_hal_tim.o(i.TIM_OC2_SetConfig)
    i.TIM_OC3_SetConfig                      0x08003f80   Section        0  stm32f4xx_hal_tim.o(i.TIM_OC3_SetConfig)
    TIM_OC3_SetConfig                        0x08003f81   Thumb Code    96  stm32f4xx_hal_tim.o(i.TIM_OC3_SetConfig)
    i.TIM_OC4_SetConfig                      0x08003fe8   Section        0  stm32f4xx_hal_tim.o(i.TIM_OC4_SetConfig)
    TIM_OC4_SetConfig                        0x08003fe9   Thumb Code    70  stm32f4xx_hal_tim.o(i.TIM_OC4_SetConfig)
    i.TIM_TI1_ConfigInputStage               0x08004038   Section        0  stm32f4xx_hal_tim.o(i.TIM_TI1_ConfigInputStage)
    TIM_TI1_ConfigInputStage                 0x08004039   Thumb Code    34  stm32f4xx_hal_tim.o(i.TIM_TI1_ConfigInputStage)
    i.TIM_TI2_ConfigInputStage               0x0800405a   Section        0  stm32f4xx_hal_tim.o(i.TIM_TI2_ConfigInputStage)
    TIM_TI2_ConfigInputStage                 0x0800405b   Thumb Code    36  stm32f4xx_hal_tim.o(i.TIM_TI2_ConfigInputStage)
    i.UART_DMAAbortOnError                   0x0800407e   Section        0  stm32f4xx_hal_uart.o(i.UART_DMAAbortOnError)
    UART_DMAAbortOnError                     0x0800407f   Thumb Code    14  stm32f4xx_hal_uart.o(i.UART_DMAAbortOnError)
    i.UART_DMAError                          0x0800408c   Section        0  stm32f4xx_hal_uart.o(i.UART_DMAError)
    UART_DMAError                            0x0800408d   Thumb Code    74  stm32f4xx_hal_uart.o(i.UART_DMAError)
    i.UART_DMAReceiveCplt                    0x080040d6   Section        0  stm32f4xx_hal_uart.o(i.UART_DMAReceiveCplt)
    UART_DMAReceiveCplt                      0x080040d7   Thumb Code   134  stm32f4xx_hal_uart.o(i.UART_DMAReceiveCplt)
    i.UART_DMARxHalfCplt                     0x0800415c   Section        0  stm32f4xx_hal_uart.o(i.UART_DMARxHalfCplt)
    UART_DMARxHalfCplt                       0x0800415d   Thumb Code    30  stm32f4xx_hal_uart.o(i.UART_DMARxHalfCplt)
    i.UART_DMATransmitCplt                   0x0800417a   Section        0  stm32f4xx_hal_uart.o(i.UART_DMATransmitCplt)
    UART_DMATransmitCplt                     0x0800417b   Thumb Code    66  stm32f4xx_hal_uart.o(i.UART_DMATransmitCplt)
    i.UART_DMATxHalfCplt                     0x080041bc   Section        0  stm32f4xx_hal_uart.o(i.UART_DMATxHalfCplt)
    UART_DMATxHalfCplt                       0x080041bd   Thumb Code    10  stm32f4xx_hal_uart.o(i.UART_DMATxHalfCplt)
    i.UART_EndRxTransfer                     0x080041c6   Section        0  stm32f4xx_hal_uart.o(i.UART_EndRxTransfer)
    UART_EndRxTransfer                       0x080041c7   Thumb Code    78  stm32f4xx_hal_uart.o(i.UART_EndRxTransfer)
    i.UART_EndTxTransfer                     0x08004214   Section        0  stm32f4xx_hal_uart.o(i.UART_EndTxTransfer)
    UART_EndTxTransfer                       0x08004215   Thumb Code    28  stm32f4xx_hal_uart.o(i.UART_EndTxTransfer)
    i.UART_Receive_IT                        0x08004230   Section        0  stm32f4xx_hal_uart.o(i.UART_Receive_IT)
    UART_Receive_IT                          0x08004231   Thumb Code   194  stm32f4xx_hal_uart.o(i.UART_Receive_IT)
    i.UART_SetConfig                         0x080042f4   Section        0  stm32f4xx_hal_uart.o(i.UART_SetConfig)
    UART_SetConfig                           0x080042f5   Thumb Code   258  stm32f4xx_hal_uart.o(i.UART_SetConfig)
    i.UART_Start_Receive_DMA                 0x08004400   Section        0  stm32f4xx_hal_uart.o(i.UART_Start_Receive_DMA)
    i.UART_Start_Receive_IT                  0x080044a0   Section        0  stm32f4xx_hal_uart.o(i.UART_Start_Receive_IT)
    i.UART_WaitOnFlagUntilTimeout            0x080044d6   Section        0  stm32f4xx_hal_uart.o(i.UART_WaitOnFlagUntilTimeout)
    UART_WaitOnFlagUntilTimeout              0x080044d7   Thumb Code   114  stm32f4xx_hal_uart.o(i.UART_WaitOnFlagUntilTimeout)
    i.USART1_IRQHandler                      0x08004548   Section        0  stm32f4xx_it.o(i.USART1_IRQHandler)
    i.USART6_IRQHandler                      0x08004554   Section        0  stm32f4xx_it.o(i.USART6_IRQHandler)
    i.UsageFault_Handler                     0x08004560   Section        0  stm32f4xx_it.o(i.UsageFault_Handler)
    i.__NVIC_SetPriority                     0x08004562   Section        0  stm32f4xx_hal_cortex.o(i.__NVIC_SetPriority)
    __NVIC_SetPriority                       0x08004563   Thumb Code    32  stm32f4xx_hal_cortex.o(i.__NVIC_SetPriority)
    i.__hardfp_fmodf                         0x08004582   Section        0  fmodf.o(i.__hardfp_fmodf)
    i.__mathlib_flt_invalid                  0x08004634   Section        0  funder.o(i.__mathlib_flt_invalid)
    i.main                                   0x08004644   Section        0  main.o(i.main)
    x$fpl$fnaninf                            0x08004720   Section      140  fnaninf.o(x$fpl$fnaninf)
    $v0                                      0x08004720   Number         0  fnaninf.o(x$fpl$fnaninf)
    x$fpl$fpinit                             0x080047ac   Section       10  fpinit.o(x$fpl$fpinit)
    $v0                                      0x080047ac   Number         0  fpinit.o(x$fpl$fpinit)
    x$fpl$frem                               0x080047b8   Section      244  frem_clz.o(x$fpl$frem)
    $v0                                      0x080047b8   Number         0  frem_clz.o(x$fpl$frem)
    .constdata                               0x080048ac   Section        8  stm32f4xx_hal_dma.o(.constdata)
    x$fpl$usenofp                            0x080048ac   Section        0  usenofp.o(x$fpl$usenofp)
    flagBitshiftOffset                       0x080048ac   Data           8  stm32f4xx_hal_dma.o(.constdata)
    .constdata                               0x080048b4   Section       16  system_stm32f4xx.o(.constdata)
    .constdata                               0x080048c4   Section        8  system_stm32f4xx.o(.constdata)
    .data                                    0x20000000   Section       63  main.o(.data)
    scheduler_counter                        0x20000006   Data           1  main.o(.data)
    last_time                                0x20000034   Data           4  main.o(.data)
    .data                                    0x20000040   Section       12  stm32f4xx_hal.o(.data)
    .data                                    0x2000004c   Section        4  system_stm32f4xx.o(.data)
    .bss                                     0x20000050   Section     8082  main.o(.bss)
    lidar_packet                             0x20000050   Data        2604  main.o(.bss)
    status_packet                            0x20000a7c   Data          21  main.o(.bss)
    .bss                                     0x20001fe4   Section       84  i2c.o(.bss)
    .bss                                     0x20002038   Section      360  tim.o(.bss)
    .bss                                     0x200021a0   Section      528  usart.o(.bss)
    .bss                                     0x200023b0   Section       96  libspace.o(.bss)
    HEAP                                     0x20002410   Section      512  startup_stm32f446xx.o(HEAP)
    Heap_Mem                                 0x20002410   Data         512  startup_stm32f446xx.o(HEAP)
    STACK                                    0x20002610   Section     1024  startup_stm32f446xx.o(STACK)
    Stack_Mem                                0x20002610   Data        1024  startup_stm32f446xx.o(STACK)
    __initial_sp                             0x20002a10   Data           0  startup_stm32f446xx.o(STACK)

    Global Symbols

    Symbol Name                              Value     Ov Type        Size  Object(Section)

    BuildAttributes$$THM_ISAv4$E$P$D$K$B$S$7EM$VFPi3$EXTD16$VFPS$VFMA$PE$A:L22UL41UL21$X:L11$S22US41US21$IEEE1$IW$USESV6$~STKCKD$USESV7$~SHL$OTIME$ROPI$IEEEX$EBA8$UX$STANDARDLIB$REQ8$PRES8$EABIv2 0x00000000   Number         0  anon$$obj.o ABSOLUTE
    __ARM_use_no_argv                        0x00000000   Number         0  main.o ABSOLUTE
    __ARM_exceptions_init                     - Undefined Weak Reference
    __alloca_initialize                       - Undefined Weak Reference
    __arm_fini_                               - Undefined Weak Reference
    __arm_preinit_                            - Undefined Weak Reference
    __cpp_initialize__aeabi_                  - Undefined Weak Reference
    __cxa_finalize                            - Undefined Weak Reference
    __rt_locale                               - Undefined Weak Reference
    __sigvec_lookup                           - Undefined Weak Reference
    _atexit_init                              - Undefined Weak Reference
    _call_atexit_fns                          - Undefined Weak Reference
    _clock_init                               - Undefined Weak Reference
    _fp_trap_init                             - Undefined Weak Reference
    _fp_trap_shutdown                         - Undefined Weak Reference
    _get_lc_collate                           - Undefined Weak Reference
    _get_lc_ctype                             - Undefined Weak Reference
    _get_lc_monetary                          - Undefined Weak Reference
    _get_lc_numeric                           - Undefined Weak Reference
    _get_lc_time                              - Undefined Weak Reference
    _getenv_init                              - Undefined Weak Reference
    _handle_redirection                       - Undefined Weak Reference
    _init_alloc                               - Undefined Weak Reference
    _init_user_alloc                          - Undefined Weak Reference
    _initio                                   - Undefined Weak Reference
    _rand_init                                - Undefined Weak Reference
    _signal_finish                            - Undefined Weak Reference
    _signal_init                              - Undefined Weak Reference
    _terminate_alloc                          - Undefined Weak Reference
    _terminate_user_alloc                     - Undefined Weak Reference
    _terminateio                              - Undefined Weak Reference
    __Vectors_Size                           0x000001c4   Number         0  startup_stm32f446xx.o ABSOLUTE
    __Vectors                                0x08000000   Data           4  startup_stm32f446xx.o(RESET)
    __Vectors_End                            0x080001c4   Data           0  startup_stm32f446xx.o(RESET)
    __main                                   0x080001c5   Thumb Code     8  __main.o(!!!main)
    __scatterload                            0x080001cd   Thumb Code     0  __scatter.o(!!!scatter)
    __scatterload_rt2                        0x080001cd   Thumb Code    44  __scatter.o(!!!scatter)
    __scatterload_rt2_thumb_only             0x080001cd   Thumb Code     0  __scatter.o(!!!scatter)
    __scatterload_null                       0x080001db   Thumb Code     0  __scatter.o(!!!scatter)
    __scatterload_copy                       0x08000201   Thumb Code    26  __scatter_copy.o(!!handler_copy)
    __scatterload_zeroinit                   0x0800021d   Thumb Code    28  __scatter_zi.o(!!handler_zi)
    __rt_lib_init                            0x08000239   Thumb Code     0  libinit.o(.ARM.Collect$$libinit$$00000000)
    __rt_lib_init_fp_1                       0x0800023b   Thumb Code     0  libinit2.o(.ARM.Collect$$libinit$$00000001)
    __rt_lib_init_alloca_1                   0x0800023f   Thumb Code     0  libinit2.o(.ARM.Collect$$libinit$$0000002E)
    __rt_lib_init_argv_1                     0x0800023f   Thumb Code     0  libinit2.o(.ARM.Collect$$libinit$$0000002C)
    __rt_lib_init_atexit_1                   0x0800023f   Thumb Code     0  libinit2.o(.ARM.Collect$$libinit$$0000001B)
    __rt_lib_init_clock_1                    0x0800023f   Thumb Code     0  libinit2.o(.ARM.Collect$$libinit$$00000021)
    __rt_lib_init_cpp_1                      0x0800023f   Thumb Code     0  libinit2.o(.ARM.Collect$$libinit$$00000032)
    __rt_lib_init_exceptions_1               0x0800023f   Thumb Code     0  libinit2.o(.ARM.Collect$$libinit$$00000030)
    __rt_lib_init_fp_trap_1                  0x0800023f   Thumb Code     0  libinit2.o(.ARM.Collect$$libinit$$0000001F)
    __rt_lib_init_getenv_1                   0x0800023f   Thumb Code     0  libinit2.o(.ARM.Collect$$libinit$$00000023)
    __rt_lib_init_heap_1                     0x0800023f   Thumb Code     0  libinit2.o(.ARM.Collect$$libinit$$0000000A)
    __rt_lib_init_lc_collate_1               0x0800023f   Thumb Code     0  libinit2.o(.ARM.Collect$$libinit$$00000011)
    __rt_lib_init_lc_ctype_1                 0x0800023f   Thumb Code     0  libinit2.o(.ARM.Collect$$libinit$$00000013)
    __rt_lib_init_lc_monetary_1              0x0800023f   Thumb Code     0  libinit2.o(.ARM.Collect$$libinit$$00000015)
    __rt_lib_init_lc_numeric_1               0x0800023f   Thumb Code     0  libinit2.o(.ARM.Collect$$libinit$$00000017)
    __rt_lib_init_lc_time_1                  0x0800023f   Thumb Code     0  libinit2.o(.ARM.Collect$$libinit$$00000019)
    __rt_lib_init_preinit_1                  0x0800023f   Thumb Code     0  libinit2.o(.ARM.Collect$$libinit$$00000004)
    __rt_lib_init_rand_1                     0x0800023f   Thumb Code     0  libinit2.o(.ARM.Collect$$libinit$$0000000E)
    __rt_lib_init_return                     0x0800023f   Thumb Code     0  libinit2.o(.ARM.Collect$$libinit$$00000033)
    __rt_lib_init_signal_1                   0x0800023f   Thumb Code     0  libinit2.o(.ARM.Collect$$libinit$$0000001D)
    __rt_lib_init_stdio_1                    0x0800023f   Thumb Code     0  libinit2.o(.ARM.Collect$$libinit$$00000025)
    __rt_lib_init_user_alloc_1               0x0800023f   Thumb Code     0  libinit2.o(.ARM.Collect$$libinit$$0000000C)
    __rt_lib_shutdown                        0x08000241   Thumb Code     0  libshutdown.o(.ARM.Collect$$libshutdown$$00000000)
    __rt_lib_shutdown_cpp_1                  0x08000243   Thumb Code     0  libshutdown2.o(.ARM.Collect$$libshutdown$$00000004)
    __rt_lib_shutdown_fini_1                 0x08000243   Thumb Code     0  libshutdown2.o(.ARM.Collect$$libshutdown$$00000002)
    __rt_lib_shutdown_fp_trap_1              0x08000243   Thumb Code     0  libshutdown2.o(.ARM.Collect$$libshutdown$$00000009)
    __rt_lib_shutdown_heap_1                 0x08000243   Thumb Code     0  libshutdown2.o(.ARM.Collect$$libshutdown$$00000011)
    __rt_lib_shutdown_return                 0x08000243   Thumb Code     0  libshutdown2.o(.ARM.Collect$$libshutdown$$00000012)
    __rt_lib_shutdown_signal_1               0x08000243   Thumb Code     0  libshutdown2.o(.ARM.Collect$$libshutdown$$0000000C)
    __rt_lib_shutdown_stdio_1                0x08000243   Thumb Code     0  libshutdown2.o(.ARM.Collect$$libshutdown$$00000006)
    __rt_lib_shutdown_user_alloc_1           0x08000243   Thumb Code     0  libshutdown2.o(.ARM.Collect$$libshutdown$$0000000E)
    __rt_entry                               0x08000245   Thumb Code     0  __rtentry.o(.ARM.Collect$$rtentry$$00000000)
    __rt_entry_presh_1                       0x08000245   Thumb Code     0  __rtentry2.o(.ARM.Collect$$rtentry$$00000002)
    __rt_entry_sh                            0x08000245   Thumb Code     0  __rtentry4.o(.ARM.Collect$$rtentry$$00000004)
    __rt_entry_li                            0x0800024b   Thumb Code     0  __rtentry2.o(.ARM.Collect$$rtentry$$0000000A)
    __rt_entry_postsh_1                      0x0800024b   Thumb Code     0  __rtentry2.o(.ARM.Collect$$rtentry$$00000009)
    __rt_entry_main                          0x0800024f   Thumb Code     0  __rtentry2.o(.ARM.Collect$$rtentry$$0000000D)
    __rt_entry_postli_1                      0x0800024f   Thumb Code     0  __rtentry2.o(.ARM.Collect$$rtentry$$0000000C)
    __rt_exit                                0x08000257   Thumb Code     0  rtexit.o(.ARM.Collect$$rtexit$$00000000)
    __rt_exit_ls                             0x08000259   Thumb Code     0  rtexit2.o(.ARM.Collect$$rtexit$$00000003)
    __rt_exit_prels_1                        0x08000259   Thumb Code     0  rtexit2.o(.ARM.Collect$$rtexit$$00000002)
    __rt_exit_exit                           0x0800025d   Thumb Code     0  rtexit2.o(.ARM.Collect$$rtexit$$00000004)
    Reset_Handler                            0x08000265   Thumb Code     8  startup_stm32f446xx.o(.text)
    ADC_IRQHandler                           0x0800027f   Thumb Code     0  startup_stm32f446xx.o(.text)
    CAN1_RX0_IRQHandler                      0x0800027f   Thumb Code     0  startup_stm32f446xx.o(.text)
    CAN1_RX1_IRQHandler                      0x0800027f   Thumb Code     0  startup_stm32f446xx.o(.text)
    CAN1_SCE_IRQHandler                      0x0800027f   Thumb Code     0  startup_stm32f446xx.o(.text)
    CAN1_TX_IRQHandler                       0x0800027f   Thumb Code     0  startup_stm32f446xx.o(.text)
    CAN2_RX0_IRQHandler                      0x0800027f   Thumb Code     0  startup_stm32f446xx.o(.text)
    CAN2_RX1_IRQHandler                      0x0800027f   Thumb Code     0  startup_stm32f446xx.o(.text)
    CAN2_SCE_IRQHandler                      0x0800027f   Thumb Code     0  startup_stm32f446xx.o(.text)
    CAN2_TX_IRQHandler                       0x0800027f   Thumb Code     0  startup_stm32f446xx.o(.text)
    CEC_IRQHandler                           0x0800027f   Thumb Code     0  startup_stm32f446xx.o(.text)
    DCMI_IRQHandler                          0x0800027f   Thumb Code     0  startup_stm32f446xx.o(.text)
    DMA1_Stream0_IRQHandler                  0x0800027f   Thumb Code     0  startup_stm32f446xx.o(.text)
    DMA1_Stream1_IRQHandler                  0x0800027f   Thumb Code     0  startup_stm32f446xx.o(.text)
    DMA1_Stream2_IRQHandler                  0x0800027f   Thumb Code     0  startup_stm32f446xx.o(.text)
    DMA1_Stream3_IRQHandler                  0x0800027f   Thumb Code     0  startup_stm32f446xx.o(.text)
    DMA1_Stream4_IRQHandler                  0x0800027f   Thumb Code     0  startup_stm32f446xx.o(.text)
    DMA1_Stream5_IRQHandler                  0x0800027f   Thumb Code     0  startup_stm32f446xx.o(.text)
    DMA1_Stream6_IRQHandler                  0x0800027f   Thumb Code     0  startup_stm32f446xx.o(.text)
    DMA1_Stream7_IRQHandler                  0x0800027f   Thumb Code     0  startup_stm32f446xx.o(.text)
    DMA2_Stream0_IRQHandler                  0x0800027f   Thumb Code     0  startup_stm32f446xx.o(.text)
    DMA2_Stream3_IRQHandler                  0x0800027f   Thumb Code     0  startup_stm32f446xx.o(.text)
    DMA2_Stream4_IRQHandler                  0x0800027f   Thumb Code     0  startup_stm32f446xx.o(.text)
    DMA2_Stream5_IRQHandler                  0x0800027f   Thumb Code     0  startup_stm32f446xx.o(.text)
    EXTI0_IRQHandler                         0x0800027f   Thumb Code     0  startup_stm32f446xx.o(.text)
    EXTI15_10_IRQHandler                     0x0800027f   Thumb Code     0  startup_stm32f446xx.o(.text)
    EXTI1_IRQHandler                         0x0800027f   Thumb Code     0  startup_stm32f446xx.o(.text)
    EXTI2_IRQHandler                         0x0800027f   Thumb Code     0  startup_stm32f446xx.o(.text)
    EXTI3_IRQHandler                         0x0800027f   Thumb Code     0  startup_stm32f446xx.o(.text)
    EXTI4_IRQHandler                         0x0800027f   Thumb Code     0  startup_stm32f446xx.o(.text)
    EXTI9_5_IRQHandler                       0x0800027f   Thumb Code     0  startup_stm32f446xx.o(.text)
    FLASH_IRQHandler                         0x0800027f   Thumb Code     0  startup_stm32f446xx.o(.text)
    FMC_IRQHandler                           0x0800027f   Thumb Code     0  startup_stm32f446xx.o(.text)
    FMPI2C1_ER_IRQHandler                    0x0800027f   Thumb Code     0  startup_stm32f446xx.o(.text)
    FMPI2C1_EV_IRQHandler                    0x0800027f   Thumb Code     0  startup_stm32f446xx.o(.text)
    FPU_IRQHandler                           0x0800027f   Thumb Code     0  startup_stm32f446xx.o(.text)
    I2C1_EV_IRQHandler                       0x0800027f   Thumb Code     0  startup_stm32f446xx.o(.text)
    I2C2_ER_IRQHandler                       0x0800027f   Thumb Code     0  startup_stm32f446xx.o(.text)
    I2C2_EV_IRQHandler                       0x0800027f   Thumb Code     0  startup_stm32f446xx.o(.text)
    I2C3_ER_IRQHandler                       0x0800027f   Thumb Code     0  startup_stm32f446xx.o(.text)
    I2C3_EV_IRQHandler                       0x0800027f   Thumb Code     0  startup_stm32f446xx.o(.text)
    OTG_FS_IRQHandler                        0x0800027f   Thumb Code     0  startup_stm32f446xx.o(.text)
    OTG_FS_WKUP_IRQHandler                   0x0800027f   Thumb Code     0  startup_stm32f446xx.o(.text)
    OTG_HS_EP1_IN_IRQHandler                 0x0800027f   Thumb Code     0  startup_stm32f446xx.o(.text)
    OTG_HS_EP1_OUT_IRQHandler                0x0800027f   Thumb Code     0  startup_stm32f446xx.o(.text)
    OTG_HS_IRQHandler                        0x0800027f   Thumb Code     0  startup_stm32f446xx.o(.text)
    OTG_HS_WKUP_IRQHandler                   0x0800027f   Thumb Code     0  startup_stm32f446xx.o(.text)
    PVD_IRQHandler                           0x0800027f   Thumb Code     0  startup_stm32f446xx.o(.text)
    QUADSPI_IRQHandler                       0x0800027f   Thumb Code     0  startup_stm32f446xx.o(.text)
    RCC_IRQHandler                           0x0800027f   Thumb Code     0  startup_stm32f446xx.o(.text)
    RTC_Alarm_IRQHandler                     0x0800027f   Thumb Code     0  startup_stm32f446xx.o(.text)
    RTC_WKUP_IRQHandler                      0x0800027f   Thumb Code     0  startup_stm32f446xx.o(.text)
    SAI1_IRQHandler                          0x0800027f   Thumb Code     0  startup_stm32f446xx.o(.text)
    SAI2_IRQHandler                          0x0800027f   Thumb Code     0  startup_stm32f446xx.o(.text)
    SDIO_IRQHandler                          0x0800027f   Thumb Code     0  startup_stm32f446xx.o(.text)
    SPDIF_RX_IRQHandler                      0x0800027f   Thumb Code     0  startup_stm32f446xx.o(.text)
    SPI1_IRQHandler                          0x0800027f   Thumb Code     0  startup_stm32f446xx.o(.text)
    SPI2_IRQHandler                          0x0800027f   Thumb Code     0  startup_stm32f446xx.o(.text)
    SPI3_IRQHandler                          0x0800027f   Thumb Code     0  startup_stm32f446xx.o(.text)
    SPI4_IRQHandler                          0x0800027f   Thumb Code     0  startup_stm32f446xx.o(.text)
    TAMP_STAMP_IRQHandler                    0x0800027f   Thumb Code     0  startup_stm32f446xx.o(.text)
    TIM1_BRK_TIM9_IRQHandler                 0x0800027f   Thumb Code     0  startup_stm32f446xx.o(.text)
    TIM1_CC_IRQHandler                       0x0800027f   Thumb Code     0  startup_stm32f446xx.o(.text)
    TIM1_TRG_COM_TIM11_IRQHandler            0x0800027f   Thumb Code     0  startup_stm32f446xx.o(.text)
    TIM2_IRQHandler                          0x0800027f   Thumb Code     0  startup_stm32f446xx.o(.text)
    TIM3_IRQHandler                          0x0800027f   Thumb Code     0  startup_stm32f446xx.o(.text)
    TIM4_IRQHandler                          0x0800027f   Thumb Code     0  startup_stm32f446xx.o(.text)
    TIM5_IRQHandler                          0x0800027f   Thumb Code     0  startup_stm32f446xx.o(.text)
    TIM7_IRQHandler                          0x0800027f   Thumb Code     0  startup_stm32f446xx.o(.text)
    TIM8_BRK_TIM12_IRQHandler                0x0800027f   Thumb Code     0  startup_stm32f446xx.o(.text)
    TIM8_CC_IRQHandler                       0x0800027f   Thumb Code     0  startup_stm32f446xx.o(.text)
    TIM8_TRG_COM_TIM14_IRQHandler            0x0800027f   Thumb Code     0  startup_stm32f446xx.o(.text)
    TIM8_UP_TIM13_IRQHandler                 0x0800027f   Thumb Code     0  startup_stm32f446xx.o(.text)
    UART4_IRQHandler                         0x0800027f   Thumb Code     0  startup_stm32f446xx.o(.text)
    UART5_IRQHandler                         0x0800027f   Thumb Code     0  startup_stm32f446xx.o(.text)
    USART2_IRQHandler                        0x0800027f   Thumb Code     0  startup_stm32f446xx.o(.text)
    USART3_IRQHandler                        0x0800027f   Thumb Code     0  startup_stm32f446xx.o(.text)
    WWDG_IRQHandler                          0x0800027f   Thumb Code     0  startup_stm32f446xx.o(.text)
    __user_initial_stackheap                 0x08000281   Thumb Code     0  startup_stm32f446xx.o(.text)
    __aeabi_uldivmod                         0x080002a5   Thumb Code     0  lludivv7m.o(.text)
    _ll_udiv                                 0x080002a5   Thumb Code   238  lludivv7m.o(.text)
    __aeabi_memmove                          0x08000393   Thumb Code     0  rt_memmove_v6.o(.text)
    __rt_memmove                             0x08000393   Thumb Code   132  rt_memmove_v6.o(.text)
    __memmove_lastfew                        0x080003f3   Thumb Code     0  rt_memmove_v6.o(.text)
    __aeabi_memclr4                          0x08000417   Thumb Code     0  rt_memclr_w.o(.text)
    __aeabi_memclr8                          0x08000417   Thumb Code     0  rt_memclr_w.o(.text)
    __rt_memclr_w                            0x08000417   Thumb Code    78  rt_memclr_w.o(.text)
    _memset_w                                0x0800041b   Thumb Code     0  rt_memclr_w.o(.text)
    __use_two_region_memory                  0x08000465   Thumb Code     2  heapauxi.o(.text)
    __rt_heap_escrow$2region                 0x08000467   Thumb Code     2  heapauxi.o(.text)
    __rt_heap_expand$2region                 0x08000469   Thumb Code     2  heapauxi.o(.text)
    __read_errno                             0x0800046b   Thumb Code    10  _rserrno.o(.text)
    __set_errno                              0x08000475   Thumb Code    12  _rserrno.o(.text)
    __aeabi_memcpy                           0x08000481   Thumb Code     0  rt_memcpy_v6.o(.text)
    __rt_memcpy                              0x08000481   Thumb Code   138  rt_memcpy_v6.o(.text)
    _memcpy_lastbytes                        0x080004e7   Thumb Code     0  rt_memcpy_v6.o(.text)
    __aeabi_memmove4                         0x0800050b   Thumb Code     0  rt_memmove_w.o(.text)
    __aeabi_memmove8                         0x0800050b   Thumb Code     0  rt_memmove_w.o(.text)
    __rt_memmove_w                           0x0800050b   Thumb Code   122  rt_memmove_w.o(.text)
    __memmove_aligned                        0x08000531   Thumb Code     0  rt_memmove_w.o(.text)
    __memmove_lastfew_aligned                0x08000569   Thumb Code     0  rt_memmove_w.o(.text)
    __aeabi_errno_addr                       0x08000585   Thumb Code     8  rt_errno_addr_intlibspace.o(.text)
    __errno$intlibspace                      0x08000585   Thumb Code     0  rt_errno_addr_intlibspace.o(.text)
    __rt_errno_addr$intlibspace              0x08000585   Thumb Code     0  rt_errno_addr_intlibspace.o(.text)
    __aeabi_memcpy4                          0x0800058d   Thumb Code     0  rt_memcpy_w.o(.text)
    __aeabi_memcpy8                          0x0800058d   Thumb Code     0  rt_memcpy_w.o(.text)
    __rt_memcpy_w                            0x0800058d   Thumb Code   100  rt_memcpy_w.o(.text)
    _memcpy_lastbytes_aligned                0x080005d5   Thumb Code     0  rt_memcpy_w.o(.text)
    __user_libspace                          0x080005f1   Thumb Code     8  libspace.o(.text)
    __user_perproc_libspace                  0x080005f1   Thumb Code     0  libspace.o(.text)
    __user_perthread_libspace                0x080005f1   Thumb Code     0  libspace.o(.text)
    __user_setup_stackheap                   0x080005f9   Thumb Code    74  sys_stackheap_outer.o(.text)
    exit                                     0x08000643   Thumb Code    18  exit.o(.text)
    _sys_exit                                0x08000655   Thumb Code     8  sys_exit.o(.text)
    __I$use$semihosting                      0x08000661   Thumb Code     0  use_no_semi.o(.text)
    __use_no_semihosting_swi                 0x08000661   Thumb Code     2  use_no_semi.o(.text)
    BusFault_Handler                         0x08000663   Thumb Code     2  stm32f4xx_it.o(i.BusFault_Handler)
    __semihosting_library_function           0x08000663   Thumb Code     0  indicate_semi.o(.text)
    Calculate_Angles                         0x08000665   Thumb Code   150  main.o(i.Calculate_Angles)
    ControlMotor                             0x08000715   Thumb Code   114  main.o(i.ControlMotor)
    DMA2_Stream1_IRQHandler                  0x0800078d   Thumb Code    48  stm32f4xx_it.o(i.DMA2_Stream1_IRQHandler)
    DMA2_Stream2_IRQHandler                  0x080007c5   Thumb Code     6  stm32f4xx_it.o(i.DMA2_Stream2_IRQHandler)
    DMA2_Stream6_IRQHandler                  0x080007d1   Thumb Code     6  stm32f4xx_it.o(i.DMA2_Stream6_IRQHandler)
    DMA2_Stream7_IRQHandler                  0x080007dd   Thumb Code     6  stm32f4xx_it.o(i.DMA2_Stream7_IRQHandler)
    DebugMon_Handler                         0x0800088d   Thumb Code     2  stm32f4xx_it.o(i.DebugMon_Handler)
    Error_Handler                            0x0800088f   Thumb Code     4  main.o(i.Error_Handler)
    HAL_DMA_Abort                            0x08000893   Thumb Code   146  stm32f4xx_hal_dma.o(i.HAL_DMA_Abort)
    HAL_DMA_Abort_IT                         0x08000925   Thumb Code    36  stm32f4xx_hal_dma.o(i.HAL_DMA_Abort_IT)
    HAL_DMA_IRQHandler                       0x08000949   Thumb Code   412  stm32f4xx_hal_dma.o(i.HAL_DMA_IRQHandler)
    HAL_DMA_Init                             0x08000ae9   Thumb Code   206  stm32f4xx_hal_dma.o(i.HAL_DMA_Init)
    HAL_DMA_Start_IT                         0x08000bbd   Thumb Code   110  stm32f4xx_hal_dma.o(i.HAL_DMA_Start_IT)
    HAL_Delay                                0x08000c2d   Thumb Code    32  stm32f4xx_hal.o(i.HAL_Delay)
    HAL_GPIO_DeInit                          0x08000c51   Thumb Code   306  stm32f4xx_hal_gpio.o(i.HAL_GPIO_DeInit)
    HAL_GPIO_Init                            0x08000da9   Thumb Code   436  stm32f4xx_hal_gpio.o(i.HAL_GPIO_Init)
    HAL_GPIO_WritePin                        0x08000f85   Thumb Code    10  stm32f4xx_hal_gpio.o(i.HAL_GPIO_WritePin)
    HAL_GetTick                              0x08000f91   Thumb Code     6  stm32f4xx_hal.o(i.HAL_GetTick)
    HAL_I2C_AbortCpltCallback                0x08000f9d   Thumb Code     2  stm32f4xx_hal_i2c.o(i.HAL_I2C_AbortCpltCallback)
    HAL_I2C_DeInit                           0x08000f9f   Thumb Code    50  stm32f4xx_hal_i2c.o(i.HAL_I2C_DeInit)
    HAL_I2C_ER_IRQHandler                    0x08000fd1   Thumb Code   186  stm32f4xx_hal_i2c.o(i.HAL_I2C_ER_IRQHandler)
    HAL_I2C_ErrorCallback                    0x0800108d   Thumb Code    40  main.o(i.HAL_I2C_ErrorCallback)
    HAL_I2C_GetState                         0x080010b9   Thumb Code     6  stm32f4xx_hal_i2c.o(i.HAL_I2C_GetState)
    HAL_I2C_Init                             0x080010c1   Thumb Code   376  stm32f4xx_hal_i2c.o(i.HAL_I2C_Init)
    HAL_I2C_ListenCpltCallback               0x08001249   Thumb Code     2  stm32f4xx_hal_i2c.o(i.HAL_I2C_ListenCpltCallback)
    HAL_I2C_Mem_Read                         0x0800124d   Thumb Code   502  stm32f4xx_hal_i2c.o(i.HAL_I2C_Mem_Read)
    HAL_I2C_Mem_Write                        0x08001451   Thumb Code   294  stm32f4xx_hal_i2c.o(i.HAL_I2C_Mem_Write)
    HAL_I2C_MspDeInit                        0x08001581   Thumb Code    50  i2c.o(i.HAL_I2C_MspDeInit)
    HAL_I2C_MspInit                          0x080015c1   Thumb Code   110  i2c.o(i.HAL_I2C_MspInit)
    HAL_I2C_SlaveTxCpltCallback              0x0800163d   Thumb Code     2  stm32f4xx_hal_i2c.o(i.HAL_I2C_SlaveTxCpltCallback)
    HAL_IncTick                              0x08001641   Thumb Code    12  stm32f4xx_hal.o(i.HAL_IncTick)
    HAL_Init                                 0x08001651   Thumb Code    48  stm32f4xx_hal.o(i.HAL_Init)
    HAL_InitTick                             0x08001685   Thumb Code    54  stm32f4xx_hal.o(i.HAL_InitTick)
    HAL_MspInit                              0x080016c5   Thumb Code    48  stm32f4xx_hal_msp.o(i.HAL_MspInit)
    HAL_NVIC_DisableIRQ                      0x080016f9   Thumb Code    34  stm32f4xx_hal_cortex.o(i.HAL_NVIC_DisableIRQ)
    HAL_NVIC_EnableIRQ                       0x0800171b   Thumb Code    26  stm32f4xx_hal_cortex.o(i.HAL_NVIC_EnableIRQ)
    HAL_NVIC_SetPriority                     0x08001735   Thumb Code    60  stm32f4xx_hal_cortex.o(i.HAL_NVIC_SetPriority)
    HAL_NVIC_SetPriorityGrouping             0x08001775   Thumb Code    26  stm32f4xx_hal_cortex.o(i.HAL_NVIC_SetPriorityGrouping)
    HAL_PWREx_EnableOverDrive                0x08001799   Thumb Code    98  stm32f4xx_hal_pwr_ex.o(i.HAL_PWREx_EnableOverDrive)
    HAL_RCC_ClockConfig                      0x08001809   Thumb Code   288  stm32f4xx_hal_rcc.o(i.HAL_RCC_ClockConfig)
    HAL_RCC_GetPCLK1Freq                     0x0800193d   Thumb Code    20  stm32f4xx_hal_rcc.o(i.HAL_RCC_GetPCLK1Freq)
    HAL_RCC_GetPCLK2Freq                     0x0800195d   Thumb Code    20  stm32f4xx_hal_rcc.o(i.HAL_RCC_GetPCLK2Freq)
    HAL_RCC_GetSysClockFreq                  0x0800197d   Thumb Code   140  stm32f4xx_hal_rcc_ex.o(i.HAL_RCC_GetSysClockFreq)
    HAL_RCC_OscConfig                        0x08001a11   Thumb Code   900  stm32f4xx_hal_rcc_ex.o(i.HAL_RCC_OscConfig)
    HAL_SYSTICK_Config                       0x08001da9   Thumb Code    40  stm32f4xx_hal_cortex.o(i.HAL_SYSTICK_Config)
    HAL_TIMEx_BreakCallback                  0x08001dd1   Thumb Code     2  stm32f4xx_hal_tim_ex.o(i.HAL_TIMEx_BreakCallback)
    HAL_TIMEx_CommutCallback                 0x08001dd3   Thumb Code     2  stm32f4xx_hal_tim_ex.o(i.HAL_TIMEx_CommutCallback)
    HAL_TIMEx_MasterConfigSynchronization    0x08001dd5   Thumb Code   116  stm32f4xx_hal_tim_ex.o(i.HAL_TIMEx_MasterConfigSynchronization)
    HAL_TIM_Base_Init                        0x08001e65   Thumb Code    90  stm32f4xx_hal_tim.o(i.HAL_TIM_Base_Init)
    HAL_TIM_Base_MspInit                     0x08001ec1   Thumb Code    90  tim.o(i.HAL_TIM_Base_MspInit)
    HAL_TIM_Base_Start_IT                    0x08001f29   Thumb Code   100  stm32f4xx_hal_tim.o(i.HAL_TIM_Base_Start_IT)
    HAL_TIM_ConfigClockSource                0x08001fa9   Thumb Code   220  stm32f4xx_hal_tim.o(i.HAL_TIM_ConfigClockSource)
    HAL_TIM_Encoder_Init                     0x08002085   Thumb Code   164  stm32f4xx_hal_tim.o(i.HAL_TIM_Encoder_Init)
    HAL_TIM_Encoder_MspInit                  0x08002129   Thumb Code   150  tim.o(i.HAL_TIM_Encoder_MspInit)
    HAL_TIM_Encoder_Start                    0x080021d1   Thumb Code   142  stm32f4xx_hal_tim.o(i.HAL_TIM_Encoder_Start)
    HAL_TIM_IC_CaptureCallback               0x0800225f   Thumb Code     2  stm32f4xx_hal_tim.o(i.HAL_TIM_IC_CaptureCallback)
    HAL_TIM_IRQHandler                       0x08002261   Thumb Code   304  stm32f4xx_hal_tim.o(i.HAL_TIM_IRQHandler)
    HAL_TIM_MspPostInit                      0x08002391   Thumb Code   104  tim.o(i.HAL_TIM_MspPostInit)
    HAL_TIM_OC_DelayElapsedCallback          0x08002409   Thumb Code     2  stm32f4xx_hal_tim.o(i.HAL_TIM_OC_DelayElapsedCallback)
    HAL_TIM_PWM_ConfigChannel                0x0800240b   Thumb Code   204  stm32f4xx_hal_tim.o(i.HAL_TIM_PWM_ConfigChannel)
    HAL_TIM_PWM_Init                         0x080024d7   Thumb Code    90  stm32f4xx_hal_tim.o(i.HAL_TIM_PWM_Init)
    HAL_TIM_PWM_MspInit                      0x08002531   Thumb Code    30  tim.o(i.HAL_TIM_PWM_MspInit)
    HAL_TIM_PWM_PulseFinishedCallback        0x08002559   Thumb Code     2  stm32f4xx_hal_tim.o(i.HAL_TIM_PWM_PulseFinishedCallback)
    HAL_TIM_PWM_Start                        0x0800255d   Thumb Code   172  stm32f4xx_hal_tim.o(i.HAL_TIM_PWM_Start)
    HAL_TIM_PeriodElapsedCallback            0x08002625   Thumb Code   142  main.o(i.HAL_TIM_PeriodElapsedCallback)
    HAL_TIM_TriggerCallback                  0x080026c9   Thumb Code     2  stm32f4xx_hal_tim.o(i.HAL_TIM_TriggerCallback)
    HAL_UARTEx_RxEventCallback               0x080026cb   Thumb Code     2  stm32f4xx_hal_uart.o(i.HAL_UARTEx_RxEventCallback)
    HAL_UART_ErrorCallback                   0x080026cd   Thumb Code     2  stm32f4xx_hal_uart.o(i.HAL_UART_ErrorCallback)
    HAL_UART_IRQHandler                      0x080026d1   Thumb Code   636  stm32f4xx_hal_uart.o(i.HAL_UART_IRQHandler)
    HAL_UART_Init                            0x08002951   Thumb Code   100  stm32f4xx_hal_uart.o(i.HAL_UART_Init)
    HAL_UART_MspInit                         0x080029b5   Thumb Code   368  usart.o(i.HAL_UART_MspInit)
    HAL_UART_Receive_DMA                     0x08002b45   Thumb Code    28  stm32f4xx_hal_uart.o(i.HAL_UART_Receive_DMA)
    HAL_UART_Receive_IT                      0x08002b61   Thumb Code    28  stm32f4xx_hal_uart.o(i.HAL_UART_Receive_IT)
    HAL_UART_RxCpltCallback                  0x08002b7d   Thumb Code   210  main.o(i.HAL_UART_RxCpltCallback)
    HAL_UART_RxHalfCpltCallback              0x08002c6d   Thumb Code     2  stm32f4xx_hal_uart.o(i.HAL_UART_RxHalfCpltCallback)
    HAL_UART_Transmit                        0x08002c6f   Thumb Code   160  stm32f4xx_hal_uart.o(i.HAL_UART_Transmit)
    HAL_UART_Transmit_DMA                    0x08002d11   Thumb Code   120  stm32f4xx_hal_uart.o(i.HAL_UART_Transmit_DMA)
    HAL_UART_TxCpltCallback                  0x08002d95   Thumb Code    16  main.o(i.HAL_UART_TxCpltCallback)
    HAL_UART_TxHalfCpltCallback              0x08002dad   Thumb Code     2  stm32f4xx_hal_uart.o(i.HAL_UART_TxHalfCpltCallback)
    HandleMovementTask                       0x08002db1   Thumb Code   282  main.o(i.HandleMovementTask)
    HardFault_Handler                        0x08002ef9   Thumb Code     2  stm32f4xx_it.o(i.HardFault_Handler)
    I2C1_ER_IRQHandler                       0x08002efd   Thumb Code     6  stm32f4xx_it.o(i.I2C1_ER_IRQHandler)
    MPU6500_Calibrate                        0x080035fd   Thumb Code    78  main.o(i.MPU6500_Calibrate)
    MPU6500_Init                             0x08003651   Thumb Code   128  main.o(i.MPU6500_Init)
    MPU6500_Read_All                         0x080036d1   Thumb Code   112  main.o(i.MPU6500_Read_All)
    MX_DMA_Init                              0x08003745   Thumb Code    88  dma.o(i.MX_DMA_Init)
    MX_GPIO_Init                             0x080037a1   Thumb Code   164  gpio.o(i.MX_GPIO_Init)
    MX_I2C1_Init                             0x08003851   Thumb Code    50  i2c.o(i.MX_I2C1_Init)
    MX_TIM1_Init                             0x08003891   Thumb Code    96  tim.o(i.MX_TIM1_Init)
    MX_TIM2_Init                             0x080038f9   Thumb Code    96  tim.o(i.MX_TIM2_Init)
    MX_TIM3_Init                             0x0800395d   Thumb Code   152  tim.o(i.MX_TIM3_Init)
    MX_TIM4_Init                             0x080039fd   Thumb Code    96  tim.o(i.MX_TIM4_Init)
    MX_TIM6_Init                             0x08003a65   Thumb Code    60  tim.o(i.MX_TIM6_Init)
    MX_USART1_UART_Init                      0x08003aa9   Thumb Code    48  usart.o(i.MX_USART1_UART_Init)
    MX_USART6_UART_Init                      0x08003ae1   Thumb Code    48  usart.o(i.MX_USART6_UART_Init)
    MemManage_Handler                        0x08003b19   Thumb Code     2  stm32f4xx_it.o(i.MemManage_Handler)
    NMI_Handler                              0x08003b1b   Thumb Code     2  stm32f4xx_it.o(i.NMI_Handler)
    ParseDownlinkCommand                     0x08003b1d   Thumb Code   226  main.o(i.ParseDownlinkCommand)
    PendSV_Handler                           0x08003c19   Thumb Code     2  stm32f4xx_it.o(i.PendSV_Handler)
    SVC_Handler                              0x08003c1b   Thumb Code     2  stm32f4xx_it.o(i.SVC_Handler)
    SendUplinkPacket                         0x08003c1d   Thumb Code    78  main.o(i.SendUplinkPacket)
    SendUplinkPacket2                        0x08003c79   Thumb Code    76  main.o(i.SendUplinkPacket2)
    SysTick_Handler                          0x08003cd9   Thumb Code     4  stm32f4xx_it.o(i.SysTick_Handler)
    SystemClock_Config                       0x08003cdd   Thumb Code   150  main.o(i.SystemClock_Config)
    SystemInit                               0x08003d7d   Thumb Code    12  system_stm32f4xx.o(i.SystemInit)
    TIM1_UP_TIM10_IRQHandler                 0x08003d8d   Thumb Code     6  stm32f4xx_it.o(i.TIM1_UP_TIM10_IRQHandler)
    TIM6_DAC_IRQHandler                      0x08003d99   Thumb Code     6  stm32f4xx_it.o(i.TIM6_DAC_IRQHandler)
    TIM_Base_SetConfig                       0x08003da5   Thumb Code   164  stm32f4xx_hal_tim.o(i.TIM_Base_SetConfig)
    TIM_CCxChannelCmd                        0x08003e75   Thumb Code    26  stm32f4xx_hal_tim.o(i.TIM_CCxChannelCmd)
    TIM_ETR_SetConfig                        0x08003e8f   Thumb Code    20  stm32f4xx_hal_tim.o(i.TIM_ETR_SetConfig)
    TIM_OC2_SetConfig                        0x08003f15   Thumb Code    98  stm32f4xx_hal_tim.o(i.TIM_OC2_SetConfig)
    UART_Start_Receive_DMA                   0x08004401   Thumb Code   146  stm32f4xx_hal_uart.o(i.UART_Start_Receive_DMA)
    UART_Start_Receive_IT                    0x080044a1   Thumb Code    54  stm32f4xx_hal_uart.o(i.UART_Start_Receive_IT)
    USART1_IRQHandler                        0x08004549   Thumb Code     6  stm32f4xx_it.o(i.USART1_IRQHandler)
    USART6_IRQHandler                        0x08004555   Thumb Code     6  stm32f4xx_it.o(i.USART6_IRQHandler)
    UsageFault_Handler                       0x08004561   Thumb Code     2  stm32f4xx_it.o(i.UsageFault_Handler)
    __hardfp_fmodf                           0x08004583   Thumb Code   176  fmodf.o(i.__hardfp_fmodf)
    __mathlib_flt_invalid                    0x08004635   Thumb Code    10  funder.o(i.__mathlib_flt_invalid)
    main                                     0x08004645   Thumb Code   178  main.o(i.main)
    __fpl_fnaninf                            0x08004721   Thumb Code   140  fnaninf.o(x$fpl$fnaninf)
    _fp_init                                 0x080047ad   Thumb Code    10  fpinit.o(x$fpl$fpinit)
    __fplib_config_fpu_vfp                   0x080047b5   Thumb Code     0  fpinit.o(x$fpl$fpinit)
    __fplib_config_pureend_doubles           0x080047b5   Thumb Code     0  fpinit.o(x$fpl$fpinit)
    _frem                                    0x080047b9   Thumb Code   240  frem_clz.o(x$fpl$frem)
    __I$use$fp                               0x080048ac   Number         0  usenofp.o(x$fpl$usenofp)
    AHBPrescTable                            0x080048b4   Data          16  system_stm32f4xx.o(.constdata)
    APBPrescTable                            0x080048c4   Data           8  system_stm32f4xx.o(.constdata)
    Region$$Table$$Base                      0x080048cc   Number         0  anon$$obj.o(Region$$Table)
    Region$$Table$$Limit                     0x080048ec   Number         0  anon$$obj.o(Region$$Table)
    g_lidar_rx_header_idx                    0x20000000   Data           1  main.o(.data)
    g_lidar_data_ready_flag                  0x20000001   Data           1  main.o(.data)
    g_bt_rx_byte                             0x20000002   Data           1  main.o(.data)
    g_car_status                             0x20000003   Data           1  main.o(.data)
    g_lidar_scan_processed                   0x20000004   Data           1  main.o(.data)
    g_is_uart1_tx_busy                       0x20000005   Data           1  main.o(.data)
    g_lidar_rx_byte                          0x20000007   Data           1  main.o(.data)
    g_downlink_buffer_idx                    0x20000008   Data           2  main.o(.data)
    g_current_cmd_id                         0x2000000a   Data           2  main.o(.data)
    gyro_z                                   0x2000000c   Data           2  main.o(.data)
    gyro_offset_z                            0x2000000e   Data           2  main.o(.data)
    accel_x                                  0x20000010   Data           2  main.o(.data)
    accel_y                                  0x20000012   Data           2  main.o(.data)
    accel_z                                  0x20000014   Data           2  main.o(.data)
    gyro_x                                   0x20000016   Data           2  main.o(.data)
    gyro_y                                   0x20000018   Data           2  main.o(.data)
    yaw                                      0x2000001c   Data           4  main.o(.data)
    g_target_distance_m                      0x20000020   Data           4  main.o(.data)
    g_target_turn_rad                        0x20000024   Data           4  main.o(.data)
    g_start_encoder_l                        0x20000028   Data           4  main.o(.data)
    g_start_encoder_r                        0x2000002c   Data           4  main.o(.data)
    g_start_yaw                              0x20000030   Data           4  main.o(.data)
    g_lidar_header_buffer                    0x20000038   Data           7  main.o(.data)
    uwTickFreq                               0x20000040   Data           1  stm32f4xx_hal.o(.data)
    uwTickPrio                               0x20000044   Data           4  stm32f4xx_hal.o(.data)
    uwTick                                   0x20000048   Data           4  stm32f4xx_hal.o(.data)
    SystemCoreClock                          0x2000004c   Data           4  system_stm32f4xx.o(.data)
    g_lidar_raw_buffer                       0x20000a91   Data        2600  main.o(.bss)
    g_lidar_quality                          0x200014b9   Data         520  main.o(.bss)
    g_lidar_angle_q6                         0x200016c2   Data        1040  main.o(.bss)
    g_lidar_distance_q2                      0x20001ad2   Data        1040  main.o(.bss)
    g_downlink_buffer                        0x20001ee2   Data         256  main.o(.bss)
    hi2c1                                    0x20001fe4   Data          84  i2c.o(.bss)
    htim1                                    0x20002038   Data          72  tim.o(.bss)
    htim2                                    0x20002080   Data          72  tim.o(.bss)
    htim3                                    0x200020c8   Data          72  tim.o(.bss)
    htim4                                    0x20002110   Data          72  tim.o(.bss)
    htim6                                    0x20002158   Data          72  tim.o(.bss)
    huart1                                   0x200021a0   Data          72  usart.o(.bss)
    huart6                                   0x200021e8   Data          72  usart.o(.bss)
    hdma_usart1_rx                           0x20002230   Data          96  usart.o(.bss)
    hdma_usart1_tx                           0x20002290   Data          96  usart.o(.bss)
    hdma_usart6_rx                           0x200022f0   Data          96  usart.o(.bss)
    hdma_usart6_tx                           0x20002350   Data          96  usart.o(.bss)
    __libspace_start                         0x200023b0   Data          96  libspace.o(.bss)
    __temporary_stack_top$libspace           0x20002410   Data           0  libspace.o(.bss)



==============================================================================

Memory Map of the image

  Image Entry point : 0x080001c5

  Load Region LR_IROM1 (Base: 0x08000000, Size: 0x0000493c, Max: 0x00080000, ABSOLUTE)

    Execution Region ER_IROM1 (Exec base: 0x08000000, Load base: 0x08000000, Size: 0x000048ec, Max: 0x00080000, ABSOLUTE)

    Exec Addr    Load Addr    Size         Type   Attr      Idx    E Section Name        Object

    0x08000000   0x08000000   0x000001c4   Data   RO            3    RESET               startup_stm32f446xx.o
    0x080001c4   0x080001c4   0x00000008   Code   RO         4095  * !!!main             c_w.l(__main.o)
    0x080001cc   0x080001cc   0x00000034   Code   RO         4308    !!!scatter          c_w.l(__scatter.o)
    0x08000200   0x08000200   0x0000001a   Code   RO         4310    !!handler_copy      c_w.l(__scatter_copy.o)
    0x0800021a   0x0800021a   0x00000002   PAD
    0x0800021c   0x0800021c   0x0000001c   Code   RO         4312    !!handler_zi        c_w.l(__scatter_zi.o)
    0x08000238   0x08000238   0x00000002   Code   RO         4179    .ARM.Collect$$libinit$$00000000  c_w.l(libinit.o)
    0x0800023a   0x0800023a   0x00000004   Code   RO         4188    .ARM.Collect$$libinit$$00000001  c_w.l(libinit2.o)
    0x0800023e   0x0800023e   0x00000000   Code   RO         4191    .ARM.Collect$$libinit$$00000004  c_w.l(libinit2.o)
    0x0800023e   0x0800023e   0x00000000   Code   RO         4194    .ARM.Collect$$libinit$$0000000A  c_w.l(libinit2.o)
    0x0800023e   0x0800023e   0x00000000   Code   RO         4196    .ARM.Collect$$libinit$$0000000C  c_w.l(libinit2.o)
    0x0800023e   0x0800023e   0x00000000   Code   RO         4198    .ARM.Collect$$libinit$$0000000E  c_w.l(libinit2.o)
    0x0800023e   0x0800023e   0x00000000   Code   RO         4201    .ARM.Collect$$libinit$$00000011  c_w.l(libinit2.o)
    0x0800023e   0x0800023e   0x00000000   Code   RO         4203    .ARM.Collect$$libinit$$00000013  c_w.l(libinit2.o)
    0x0800023e   0x0800023e   0x00000000   Code   RO         4205    .ARM.Collect$$libinit$$00000015  c_w.l(libinit2.o)
    0x0800023e   0x0800023e   0x00000000   Code   RO         4207    .ARM.Collect$$libinit$$00000017  c_w.l(libinit2.o)
    0x0800023e   0x0800023e   0x00000000   Code   RO         4209    .ARM.Collect$$libinit$$00000019  c_w.l(libinit2.o)
    0x0800023e   0x0800023e   0x00000000   Code   RO         4211    .ARM.Collect$$libinit$$0000001B  c_w.l(libinit2.o)
    0x0800023e   0x0800023e   0x00000000   Code   RO         4213    .ARM.Collect$$libinit$$0000001D  c_w.l(libinit2.o)
    0x0800023e   0x0800023e   0x00000000   Code   RO         4215    .ARM.Collect$$libinit$$0000001F  c_w.l(libinit2.o)
    0x0800023e   0x0800023e   0x00000000   Code   RO         4217    .ARM.Collect$$libinit$$00000021  c_w.l(libinit2.o)
    0x0800023e   0x0800023e   0x00000000   Code   RO         4219    .ARM.Collect$$libinit$$00000023  c_w.l(libinit2.o)
    0x0800023e   0x0800023e   0x00000000   Code   RO         4221    .ARM.Collect$$libinit$$00000025  c_w.l(libinit2.o)
    0x0800023e   0x0800023e   0x00000000   Code   RO         4225    .ARM.Collect$$libinit$$0000002C  c_w.l(libinit2.o)
    0x0800023e   0x0800023e   0x00000000   Code   RO         4227    .ARM.Collect$$libinit$$0000002E  c_w.l(libinit2.o)
    0x0800023e   0x0800023e   0x00000000   Code   RO         4229    .ARM.Collect$$libinit$$00000030  c_w.l(libinit2.o)
    0x0800023e   0x0800023e   0x00000000   Code   RO         4231    .ARM.Collect$$libinit$$00000032  c_w.l(libinit2.o)
    0x0800023e   0x0800023e   0x00000002   Code   RO         4232    .ARM.Collect$$libinit$$00000033  c_w.l(libinit2.o)
    0x08000240   0x08000240   0x00000002   Code   RO         4263    .ARM.Collect$$libshutdown$$00000000  c_w.l(libshutdown.o)
    0x08000242   0x08000242   0x00000000   Code   RO         4289    .ARM.Collect$$libshutdown$$00000002  c_w.l(libshutdown2.o)
    0x08000242   0x08000242   0x00000000   Code   RO         4291    .ARM.Collect$$libshutdown$$00000004  c_w.l(libshutdown2.o)
    0x08000242   0x08000242   0x00000000   Code   RO         4293    .ARM.Collect$$libshutdown$$00000006  c_w.l(libshutdown2.o)
    0x08000242   0x08000242   0x00000000   Code   RO         4296    .ARM.Collect$$libshutdown$$00000009  c_w.l(libshutdown2.o)
    0x08000242   0x08000242   0x00000000   Code   RO         4299    .ARM.Collect$$libshutdown$$0000000C  c_w.l(libshutdown2.o)
    0x08000242   0x08000242   0x00000000   Code   RO         4301    .ARM.Collect$$libshutdown$$0000000E  c_w.l(libshutdown2.o)
    0x08000242   0x08000242   0x00000000   Code   RO         4304    .ARM.Collect$$libshutdown$$00000011  c_w.l(libshutdown2.o)
    0x08000242   0x08000242   0x00000002   Code   RO         4305    .ARM.Collect$$libshutdown$$00000012  c_w.l(libshutdown2.o)
    0x08000244   0x08000244   0x00000000   Code   RO         4109    .ARM.Collect$$rtentry$$00000000  c_w.l(__rtentry.o)
    0x08000244   0x08000244   0x00000000   Code   RO         4138    .ARM.Collect$$rtentry$$00000002  c_w.l(__rtentry2.o)
    0x08000244   0x08000244   0x00000006   Code   RO         4150    .ARM.Collect$$rtentry$$00000004  c_w.l(__rtentry4.o)
    0x0800024a   0x0800024a   0x00000000   Code   RO         4140    .ARM.Collect$$rtentry$$00000009  c_w.l(__rtentry2.o)
    0x0800024a   0x0800024a   0x00000004   Code   RO         4141    .ARM.Collect$$rtentry$$0000000A  c_w.l(__rtentry2.o)
    0x0800024e   0x0800024e   0x00000000   Code   RO         4143    .ARM.Collect$$rtentry$$0000000C  c_w.l(__rtentry2.o)
    0x0800024e   0x0800024e   0x00000008   Code   RO         4144    .ARM.Collect$$rtentry$$0000000D  c_w.l(__rtentry2.o)
    0x08000256   0x08000256   0x00000002   Code   RO         4180    .ARM.Collect$$rtexit$$00000000  c_w.l(rtexit.o)
    0x08000258   0x08000258   0x00000000   Code   RO         4236    .ARM.Collect$$rtexit$$00000002  c_w.l(rtexit2.o)
    0x08000258   0x08000258   0x00000004   Code   RO         4237    .ARM.Collect$$rtexit$$00000003  c_w.l(rtexit2.o)
    0x0800025c   0x0800025c   0x00000006   Code   RO         4238    .ARM.Collect$$rtexit$$00000004  c_w.l(rtexit2.o)
    0x08000262   0x08000262   0x00000002   PAD
    0x08000264   0x08000264   0x00000040   Code   RO            4    .text               startup_stm32f446xx.o
    0x080002a4   0x080002a4   0x000000ee   Code   RO         4087    .text               c_w.l(lludivv7m.o)
    0x08000392   0x08000392   0x00000084   Code   RO         4089    .text               c_w.l(rt_memmove_v6.o)
    0x08000416   0x08000416   0x0000004e   Code   RO         4091    .text               c_w.l(rt_memclr_w.o)
    0x08000464   0x08000464   0x00000006   Code   RO         4093    .text               c_w.l(heapauxi.o)
    0x0800046a   0x0800046a   0x00000016   Code   RO         4114    .text               c_w.l(_rserrno.o)
    0x08000480   0x08000480   0x0000008a   Code   RO         4116    .text               c_w.l(rt_memcpy_v6.o)
    0x0800050a   0x0800050a   0x0000007a   Code   RO         4118    .text               c_w.l(rt_memmove_w.o)
    0x08000584   0x08000584   0x00000008   Code   RO         4157    .text               c_w.l(rt_errno_addr_intlibspace.o)
    0x0800058c   0x0800058c   0x00000064   Code   RO         4159    .text               c_w.l(rt_memcpy_w.o)
    0x080005f0   0x080005f0   0x00000008   Code   RO         4163    .text               c_w.l(libspace.o)
    0x080005f8   0x080005f8   0x0000004a   Code   RO         4166    .text               c_w.l(sys_stackheap_outer.o)
    0x08000642   0x08000642   0x00000012   Code   RO         4168    .text               c_w.l(exit.o)
    0x08000654   0x08000654   0x0000000c   Code   RO         4233    .text               c_w.l(sys_exit.o)
    0x08000660   0x08000660   0x00000002   Code   RO         4252    .text               c_w.l(use_no_semi.o)
    0x08000662   0x08000662   0x00000000   Code   RO         4254    .text               c_w.l(indicate_semi.o)
    0x08000662   0x08000662   0x00000002   Code   RO          563    i.BusFault_Handler  stm32f4xx_it.o
    0x08000664   0x08000664   0x000000b0   Code   RO           13    i.Calculate_Angles  main.o
    0x08000714   0x08000714   0x00000078   Code   RO           14    i.ControlMotor      main.o
    0x0800078c   0x0800078c   0x00000038   Code   RO          564    i.DMA2_Stream1_IRQHandler  stm32f4xx_it.o
    0x080007c4   0x080007c4   0x0000000c   Code   RO          565    i.DMA2_Stream2_IRQHandler  stm32f4xx_it.o
    0x080007d0   0x080007d0   0x0000000c   Code   RO          566    i.DMA2_Stream6_IRQHandler  stm32f4xx_it.o
    0x080007dc   0x080007dc   0x0000000c   Code   RO          567    i.DMA2_Stream7_IRQHandler  stm32f4xx_it.o
    0x080007e8   0x080007e8   0x00000028   Code   RO         1538    i.DMA_CalcBaseAndBitshift  stm32f4xx_hal_dma.o
    0x08000810   0x08000810   0x00000054   Code   RO         1539    i.DMA_CheckFifoParam  stm32f4xx_hal_dma.o
    0x08000864   0x08000864   0x00000028   Code   RO         1540    i.DMA_SetConfig     stm32f4xx_hal_dma.o
    0x0800088c   0x0800088c   0x00000002   Code   RO          568    i.DebugMon_Handler  stm32f4xx_it.o
    0x0800088e   0x0800088e   0x00000004   Code   RO           15    i.Error_Handler     main.o
    0x08000892   0x08000892   0x00000092   Code   RO         1541    i.HAL_DMA_Abort     stm32f4xx_hal_dma.o
    0x08000924   0x08000924   0x00000024   Code   RO         1542    i.HAL_DMA_Abort_IT  stm32f4xx_hal_dma.o
    0x08000948   0x08000948   0x000001a0   Code   RO         1546    i.HAL_DMA_IRQHandler  stm32f4xx_hal_dma.o
    0x08000ae8   0x08000ae8   0x000000d4   Code   RO         1547    i.HAL_DMA_Init      stm32f4xx_hal_dma.o
    0x08000bbc   0x08000bbc   0x0000006e   Code   RO         1551    i.HAL_DMA_Start_IT  stm32f4xx_hal_dma.o
    0x08000c2a   0x08000c2a   0x00000002   PAD
    0x08000c2c   0x08000c2c   0x00000024   Code   RO         1996    i.HAL_Delay         stm32f4xx_hal.o
    0x08000c50   0x08000c50   0x00000158   Code   RO         1431    i.HAL_GPIO_DeInit   stm32f4xx_hal_gpio.o
    0x08000da8   0x08000da8   0x000001dc   Code   RO         1434    i.HAL_GPIO_Init     stm32f4xx_hal_gpio.o
    0x08000f84   0x08000f84   0x0000000a   Code   RO         1438    i.HAL_GPIO_WritePin  stm32f4xx_hal_gpio.o
    0x08000f8e   0x08000f8e   0x00000002   PAD
    0x08000f90   0x08000f90   0x0000000c   Code   RO         2002    i.HAL_GetTick       stm32f4xx_hal.o
    0x08000f9c   0x08000f9c   0x00000002   Code   RO         2247    i.HAL_I2C_AbortCpltCallback  stm32f4xx_hal_i2c.o
    0x08000f9e   0x08000f9e   0x00000032   Code   RO         2249    i.HAL_I2C_DeInit    stm32f4xx_hal_i2c.o
    0x08000fd0   0x08000fd0   0x000000ba   Code   RO         2251    i.HAL_I2C_ER_IRQHandler  stm32f4xx_hal_i2c.o
    0x0800108a   0x0800108a   0x00000002   PAD
    0x0800108c   0x0800108c   0x0000002c   Code   RO           16    i.HAL_I2C_ErrorCallback  main.o
    0x080010b8   0x080010b8   0x00000006   Code   RO         2257    i.HAL_I2C_GetState  stm32f4xx_hal_i2c.o
    0x080010be   0x080010be   0x00000002   PAD
    0x080010c0   0x080010c0   0x00000188   Code   RO         2258    i.HAL_I2C_Init      stm32f4xx_hal_i2c.o
    0x08001248   0x08001248   0x00000002   Code   RO         2260    i.HAL_I2C_ListenCpltCallback  stm32f4xx_hal_i2c.o
    0x0800124a   0x0800124a   0x00000002   PAD
    0x0800124c   0x0800124c   0x00000204   Code   RO         2276    i.HAL_I2C_Mem_Read  stm32f4xx_hal_i2c.o
    0x08001450   0x08001450   0x00000130   Code   RO         2279    i.HAL_I2C_Mem_Write  stm32f4xx_hal_i2c.o
    0x08001580   0x08001580   0x00000040   Code   RO          377    i.HAL_I2C_MspDeInit  i2c.o
    0x080015c0   0x080015c0   0x0000007c   Code   RO          378    i.HAL_I2C_MspInit   i2c.o
    0x0800163c   0x0800163c   0x00000002   Code   RO         2285    i.HAL_I2C_SlaveTxCpltCallback  stm32f4xx_hal_i2c.o
    0x0800163e   0x0800163e   0x00000002   PAD
    0x08001640   0x08001640   0x00000010   Code   RO         2008    i.HAL_IncTick       stm32f4xx_hal.o
    0x08001650   0x08001650   0x00000034   Code   RO         2009    i.HAL_Init          stm32f4xx_hal.o
    0x08001684   0x08001684   0x00000040   Code   RO         2010    i.HAL_InitTick      stm32f4xx_hal.o
    0x080016c4   0x080016c4   0x00000034   Code   RO          693    i.HAL_MspInit       stm32f4xx_hal_msp.o
    0x080016f8   0x080016f8   0x00000022   Code   RO         1843    i.HAL_NVIC_DisableIRQ  stm32f4xx_hal_cortex.o
    0x0800171a   0x0800171a   0x0000001a   Code   RO         1844    i.HAL_NVIC_EnableIRQ  stm32f4xx_hal_cortex.o
    0x08001734   0x08001734   0x00000040   Code   RO         1850    i.HAL_NVIC_SetPriority  stm32f4xx_hal_cortex.o
    0x08001774   0x08001774   0x00000024   Code   RO         1851    i.HAL_NVIC_SetPriorityGrouping  stm32f4xx_hal_cortex.o
    0x08001798   0x08001798   0x00000070   Code   RO         1770    i.HAL_PWREx_EnableOverDrive  stm32f4xx_hal_pwr_ex.o
    0x08001808   0x08001808   0x00000134   Code   RO          996    i.HAL_RCC_ClockConfig  stm32f4xx_hal_rcc.o
    0x0800193c   0x0800193c   0x00000020   Code   RO         1003    i.HAL_RCC_GetPCLK1Freq  stm32f4xx_hal_rcc.o
    0x0800195c   0x0800195c   0x00000020   Code   RO         1004    i.HAL_RCC_GetPCLK2Freq  stm32f4xx_hal_rcc.o
    0x0800197c   0x0800197c   0x00000094   Code   RO         1107    i.HAL_RCC_GetSysClockFreq  stm32f4xx_hal_rcc_ex.o
    0x08001a10   0x08001a10   0x00000398   Code   RO         1108    i.HAL_RCC_OscConfig  stm32f4xx_hal_rcc_ex.o
    0x08001da8   0x08001da8   0x00000028   Code   RO         1855    i.HAL_SYSTICK_Config  stm32f4xx_hal_cortex.o
    0x08001dd0   0x08001dd0   0x00000002   Code   RO         3420    i.HAL_TIMEx_BreakCallback  stm32f4xx_hal_tim_ex.o
    0x08001dd2   0x08001dd2   0x00000002   Code   RO         3421    i.HAL_TIMEx_CommutCallback  stm32f4xx_hal_tim_ex.o
    0x08001dd4   0x08001dd4   0x00000090   Code   RO         3439    i.HAL_TIMEx_MasterConfigSynchronization  stm32f4xx_hal_tim_ex.o
    0x08001e64   0x08001e64   0x0000005a   Code   RO         2716    i.HAL_TIM_Base_Init  stm32f4xx_hal_tim.o
    0x08001ebe   0x08001ebe   0x00000002   PAD
    0x08001ec0   0x08001ec0   0x00000068   Code   RO          420    i.HAL_TIM_Base_MspInit  tim.o
    0x08001f28   0x08001f28   0x00000080   Code   RO         2721    i.HAL_TIM_Base_Start_IT  stm32f4xx_hal_tim.o
    0x08001fa8   0x08001fa8   0x000000dc   Code   RO         2725    i.HAL_TIM_ConfigClockSource  stm32f4xx_hal_tim.o
    0x08002084   0x08002084   0x000000a4   Code   RO         2737    i.HAL_TIM_Encoder_Init  stm32f4xx_hal_tim.o
    0x08002128   0x08002128   0x000000a8   Code   RO          422    i.HAL_TIM_Encoder_MspInit  tim.o
    0x080021d0   0x080021d0   0x0000008e   Code   RO         2740    i.HAL_TIM_Encoder_Start  stm32f4xx_hal_tim.o
    0x0800225e   0x0800225e   0x00000002   Code   RO         2750    i.HAL_TIM_IC_CaptureCallback  stm32f4xx_hal_tim.o
    0x08002260   0x08002260   0x00000130   Code   RO         2764    i.HAL_TIM_IRQHandler  stm32f4xx_hal_tim.o
    0x08002390   0x08002390   0x00000078   Code   RO          423    i.HAL_TIM_MspPostInit  tim.o
    0x08002408   0x08002408   0x00000002   Code   RO         2767    i.HAL_TIM_OC_DelayElapsedCallback  stm32f4xx_hal_tim.o
    0x0800240a   0x0800240a   0x000000cc   Code   RO         2788    i.HAL_TIM_PWM_ConfigChannel  stm32f4xx_hal_tim.o
    0x080024d6   0x080024d6   0x0000005a   Code   RO         2791    i.HAL_TIM_PWM_Init  stm32f4xx_hal_tim.o
    0x08002530   0x08002530   0x00000028   Code   RO          425    i.HAL_TIM_PWM_MspInit  tim.o
    0x08002558   0x08002558   0x00000002   Code   RO         2794    i.HAL_TIM_PWM_PulseFinishedCallback  stm32f4xx_hal_tim.o
    0x0800255a   0x0800255a   0x00000002   PAD
    0x0800255c   0x0800255c   0x000000c8   Code   RO         2796    i.HAL_TIM_PWM_Start  stm32f4xx_hal_tim.o
    0x08002624   0x08002624   0x000000a4   Code   RO           17    i.HAL_TIM_PeriodElapsedCallback  main.o
    0x080026c8   0x080026c8   0x00000002   Code   RO         2807    i.HAL_TIM_TriggerCallback  stm32f4xx_hal_tim.o
    0x080026ca   0x080026ca   0x00000002   Code   RO         3699    i.HAL_UARTEx_RxEventCallback  stm32f4xx_hal_uart.o
    0x080026cc   0x080026cc   0x00000002   Code   RO         3713    i.HAL_UART_ErrorCallback  stm32f4xx_hal_uart.o
    0x080026ce   0x080026ce   0x00000002   PAD
    0x080026d0   0x080026d0   0x00000280   Code   RO         3716    i.HAL_UART_IRQHandler  stm32f4xx_hal_uart.o
    0x08002950   0x08002950   0x00000064   Code   RO         3717    i.HAL_UART_Init     stm32f4xx_hal_uart.o
    0x080029b4   0x080029b4   0x00000190   Code   RO          516    i.HAL_UART_MspInit  usart.o
    0x08002b44   0x08002b44   0x0000001c   Code   RO         3721    i.HAL_UART_Receive_DMA  stm32f4xx_hal_uart.o
    0x08002b60   0x08002b60   0x0000001c   Code   RO         3722    i.HAL_UART_Receive_IT  stm32f4xx_hal_uart.o
    0x08002b7c   0x08002b7c   0x000000f0   Code   RO           18    i.HAL_UART_RxCpltCallback  main.o
    0x08002c6c   0x08002c6c   0x00000002   Code   RO         3724    i.HAL_UART_RxHalfCpltCallback  stm32f4xx_hal_uart.o
    0x08002c6e   0x08002c6e   0x000000a0   Code   RO         3725    i.HAL_UART_Transmit  stm32f4xx_hal_uart.o
    0x08002d0e   0x08002d0e   0x00000002   PAD
    0x08002d10   0x08002d10   0x00000084   Code   RO         3726    i.HAL_UART_Transmit_DMA  stm32f4xx_hal_uart.o
    0x08002d94   0x08002d94   0x00000018   Code   RO           19    i.HAL_UART_TxCpltCallback  main.o
    0x08002dac   0x08002dac   0x00000002   Code   RO         3729    i.HAL_UART_TxHalfCpltCallback  stm32f4xx_hal_uart.o
    0x08002dae   0x08002dae   0x00000002   PAD
    0x08002db0   0x08002db0   0x00000148   Code   RO           20    i.HandleMovementTask  main.o
    0x08002ef8   0x08002ef8   0x00000002   Code   RO          569    i.HardFault_Handler  stm32f4xx_it.o
    0x08002efa   0x08002efa   0x00000002   PAD
    0x08002efc   0x08002efc   0x0000000c   Code   RO          570    i.I2C1_ER_IRQHandler  stm32f4xx_it.o
    0x08002f08   0x08002f08   0x000000bc   Code   RO         2296    i.I2C_DMAAbort      stm32f4xx_hal_i2c.o
    0x08002fc4   0x08002fc4   0x00000010   Code   RO         2299    i.I2C_Flush_DR      stm32f4xx_hal_i2c.o
    0x08002fd4   0x08002fd4   0x00000158   Code   RO         2300    i.I2C_ITError       stm32f4xx_hal_i2c.o
    0x0800312c   0x0800312c   0x0000002e   Code   RO         2301    i.I2C_IsAcknowledgeFailed  stm32f4xx_hal_i2c.o
    0x0800315a   0x0800315a   0x00000002   PAD
    0x0800315c   0x0800315c   0x000000fc   Code   RO         2311    i.I2C_RequestMemoryRead  stm32f4xx_hal_i2c.o
    0x08003258   0x08003258   0x000000a8   Code   RO         2312    i.I2C_RequestMemoryWrite  stm32f4xx_hal_i2c.o
    0x08003300   0x08003300   0x00000090   Code   RO         2314    i.I2C_Slave_AF      stm32f4xx_hal_i2c.o
    0x08003390   0x08003390   0x00000056   Code   RO         2316    i.I2C_WaitOnBTFFlagUntilTimeout  stm32f4xx_hal_i2c.o
    0x080033e6   0x080033e6   0x00000002   PAD
    0x080033e8   0x080033e8   0x00000090   Code   RO         2317    i.I2C_WaitOnFlagUntilTimeout  stm32f4xx_hal_i2c.o
    0x08003478   0x08003478   0x000000bc   Code   RO         2318    i.I2C_WaitOnMasterAddressFlagUntilTimeout  stm32f4xx_hal_i2c.o
    0x08003534   0x08003534   0x00000070   Code   RO         2319    i.I2C_WaitOnRXNEFlagUntilTimeout  stm32f4xx_hal_i2c.o
    0x080035a4   0x080035a4   0x00000056   Code   RO         2320    i.I2C_WaitOnTXEFlagUntilTimeout  stm32f4xx_hal_i2c.o
    0x080035fa   0x080035fa   0x00000002   PAD
    0x080035fc   0x080035fc   0x00000054   Code   RO           21    i.MPU6500_Calibrate  main.o
    0x08003650   0x08003650   0x00000080   Code   RO           22    i.MPU6500_Init      main.o
    0x080036d0   0x080036d0   0x00000074   Code   RO           23    i.MPU6500_Read_All  main.o
    0x08003744   0x08003744   0x0000005c   Code   RO          353    i.MX_DMA_Init       dma.o
    0x080037a0   0x080037a0   0x000000b0   Code   RO          287    i.MX_GPIO_Init      gpio.o
    0x08003850   0x08003850   0x00000040   Code   RO          379    i.MX_I2C1_Init      i2c.o
    0x08003890   0x08003890   0x00000068   Code   RO          426    i.MX_TIM1_Init      tim.o
    0x080038f8   0x080038f8   0x00000064   Code   RO          427    i.MX_TIM2_Init      tim.o
    0x0800395c   0x0800395c   0x000000a0   Code   RO          428    i.MX_TIM3_Init      tim.o
    0x080039fc   0x080039fc   0x00000068   Code   RO          429    i.MX_TIM4_Init      tim.o
    0x08003a64   0x08003a64   0x00000044   Code   RO          430    i.MX_TIM6_Init      tim.o
    0x08003aa8   0x08003aa8   0x00000038   Code   RO          517    i.MX_USART1_UART_Init  usart.o
    0x08003ae0   0x08003ae0   0x00000038   Code   RO          518    i.MX_USART6_UART_Init  usart.o
    0x08003b18   0x08003b18   0x00000002   Code   RO          571    i.MemManage_Handler  stm32f4xx_it.o
    0x08003b1a   0x08003b1a   0x00000002   Code   RO          572    i.NMI_Handler       stm32f4xx_it.o
    0x08003b1c   0x08003b1c   0x000000fc   Code   RO           24    i.ParseDownlinkCommand  main.o
    0x08003c18   0x08003c18   0x00000002   Code   RO          573    i.PendSV_Handler    stm32f4xx_it.o
    0x08003c1a   0x08003c1a   0x00000002   Code   RO          574    i.SVC_Handler       stm32f4xx_it.o
    0x08003c1c   0x08003c1c   0x0000005c   Code   RO           25    i.SendUplinkPacket  main.o
    0x08003c78   0x08003c78   0x00000060   Code   RO           26    i.SendUplinkPacket2  main.o
    0x08003cd8   0x08003cd8   0x00000004   Code   RO          575    i.SysTick_Handler   stm32f4xx_it.o
    0x08003cdc   0x08003cdc   0x000000a0   Code   RO           27    i.SystemClock_Config  main.o
    0x08003d7c   0x08003d7c   0x00000010   Code   RO         4051    i.SystemInit        system_stm32f4xx.o
    0x08003d8c   0x08003d8c   0x0000000c   Code   RO          576    i.TIM1_UP_TIM10_IRQHandler  stm32f4xx_it.o
    0x08003d98   0x08003d98   0x0000000c   Code   RO          577    i.TIM6_DAC_IRQHandler  stm32f4xx_it.o
    0x08003da4   0x08003da4   0x000000d0   Code   RO         2809    i.TIM_Base_SetConfig  stm32f4xx_hal_tim.o
    0x08003e74   0x08003e74   0x0000001a   Code   RO         2810    i.TIM_CCxChannelCmd  stm32f4xx_hal_tim.o
    0x08003e8e   0x08003e8e   0x00000014   Code   RO         2820    i.TIM_ETR_SetConfig  stm32f4xx_hal_tim.o
    0x08003ea2   0x08003ea2   0x00000010   Code   RO         2821    i.TIM_ITRx_SetConfig  stm32f4xx_hal_tim.o
    0x08003eb2   0x08003eb2   0x00000002   PAD
    0x08003eb4   0x08003eb4   0x00000060   Code   RO         2822    i.TIM_OC1_SetConfig  stm32f4xx_hal_tim.o
    0x08003f14   0x08003f14   0x0000006c   Code   RO         2823    i.TIM_OC2_SetConfig  stm32f4xx_hal_tim.o
    0x08003f80   0x08003f80   0x00000068   Code   RO         2824    i.TIM_OC3_SetConfig  stm32f4xx_hal_tim.o
    0x08003fe8   0x08003fe8   0x00000050   Code   RO         2825    i.TIM_OC4_SetConfig  stm32f4xx_hal_tim.o
    0x08004038   0x08004038   0x00000022   Code   RO         2827    i.TIM_TI1_ConfigInputStage  stm32f4xx_hal_tim.o
    0x0800405a   0x0800405a   0x00000024   Code   RO         2829    i.TIM_TI2_ConfigInputStage  stm32f4xx_hal_tim.o
    0x0800407e   0x0800407e   0x0000000e   Code   RO         3730    i.UART_DMAAbortOnError  stm32f4xx_hal_uart.o
    0x0800408c   0x0800408c   0x0000004a   Code   RO         3731    i.UART_DMAError     stm32f4xx_hal_uart.o
    0x080040d6   0x080040d6   0x00000086   Code   RO         3732    i.UART_DMAReceiveCplt  stm32f4xx_hal_uart.o
    0x0800415c   0x0800415c   0x0000001e   Code   RO         3734    i.UART_DMARxHalfCplt  stm32f4xx_hal_uart.o
    0x0800417a   0x0800417a   0x00000042   Code   RO         3736    i.UART_DMATransmitCplt  stm32f4xx_hal_uart.o
    0x080041bc   0x080041bc   0x0000000a   Code   RO         3738    i.UART_DMATxHalfCplt  stm32f4xx_hal_uart.o
    0x080041c6   0x080041c6   0x0000004e   Code   RO         3740    i.UART_EndRxTransfer  stm32f4xx_hal_uart.o
    0x08004214   0x08004214   0x0000001c   Code   RO         3741    i.UART_EndTxTransfer  stm32f4xx_hal_uart.o
    0x08004230   0x08004230   0x000000c2   Code   RO         3742    i.UART_Receive_IT   stm32f4xx_hal_uart.o
    0x080042f2   0x080042f2   0x00000002   PAD
    0x080042f4   0x080042f4   0x0000010c   Code   RO         3743    i.UART_SetConfig    stm32f4xx_hal_uart.o
    0x08004400   0x08004400   0x000000a0   Code   RO         3744    i.UART_Start_Receive_DMA  stm32f4xx_hal_uart.o
    0x080044a0   0x080044a0   0x00000036   Code   RO         3745    i.UART_Start_Receive_IT  stm32f4xx_hal_uart.o
    0x080044d6   0x080044d6   0x00000072   Code   RO         3746    i.UART_WaitOnFlagUntilTimeout  stm32f4xx_hal_uart.o
    0x08004548   0x08004548   0x0000000c   Code   RO          578    i.USART1_IRQHandler  stm32f4xx_it.o
    0x08004554   0x08004554   0x0000000c   Code   RO          579    i.USART6_IRQHandler  stm32f4xx_it.o
    0x08004560   0x08004560   0x00000002   Code   RO          580    i.UsageFault_Handler  stm32f4xx_it.o
    0x08004562   0x08004562   0x00000020   Code   RO         1857    i.__NVIC_SetPriority  stm32f4xx_hal_cortex.o
    0x08004582   0x08004582   0x000000b0   Code   RO         4097    i.__hardfp_fmodf    m_wm.l(fmodf.o)
    0x08004632   0x08004632   0x00000002   PAD
    0x08004634   0x08004634   0x00000010   Code   RO         4126    i.__mathlib_flt_invalid  m_wm.l(funder.o)
    0x08004644   0x08004644   0x000000dc   Code   RO           28    i.main              main.o
    0x08004720   0x08004720   0x0000008c   Code   RO         4161    x$fpl$fnaninf       fz_wm.l(fnaninf.o)
    0x080047ac   0x080047ac   0x0000000a   Code   RO         4248    x$fpl$fpinit        fz_wm.l(fpinit.o)
    0x080047b6   0x080047b6   0x00000002   PAD
    0x080047b8   0x080047b8   0x000000f4   Code   RO         4120    x$fpl$frem          fz_wm.l(frem_clz.o)
    0x080048ac   0x080048ac   0x00000000   Code   RO         4122    x$fpl$usenofp       fz_wm.l(usenofp.o)
    0x080048ac   0x080048ac   0x00000008   Data   RO         1553    .constdata          stm32f4xx_hal_dma.o
    0x080048b4   0x080048b4   0x00000010   Data   RO         4052    .constdata          system_stm32f4xx.o
    0x080048c4   0x080048c4   0x00000008   Data   RO         4053    .constdata          system_stm32f4xx.o
    0x080048cc   0x080048cc   0x00000020   Data   RO         4306    Region$$Table       anon$$obj.o


    Execution Region RW_IRAM1 (Exec base: 0x20000000, Load base: 0x080048ec, Size: 0x00002a10, Max: 0x00020000, ABSOLUTE)

    Exec Addr    Load Addr    Size         Type   Attr      Idx    E Section Name        Object

    0x20000000   0x080048ec   0x0000003f   Data   RW           30    .data               main.o
    0x2000003f   0x0800492b   0x00000001   PAD
    0x20000040   0x0800492c   0x0000000c   Data   RW         2016    .data               stm32f4xx_hal.o
    0x2000004c   0x08004938   0x00000004   Data   RW         4054    .data               system_stm32f4xx.o
    0x20000050        -       0x00001f92   Zero   RW           29    .bss                main.o
    0x20001fe2   0x0800493c   0x00000002   PAD
    0x20001fe4        -       0x00000054   Zero   RW          380    .bss                i2c.o
    0x20002038        -       0x00000168   Zero   RW          431    .bss                tim.o
    0x200021a0        -       0x00000210   Zero   RW          519    .bss                usart.o
    0x200023b0        -       0x00000060   Zero   RW         4164    .bss                c_w.l(libspace.o)
    0x20002410        -       0x00000200   Zero   RW            2    HEAP                startup_stm32f446xx.o
    0x20002610        -       0x00000400   Zero   RW            1    STACK               startup_stm32f446xx.o


==============================================================================

Image component sizes


      Code (inc. data)   RO Data    RW Data    ZI Data      Debug   Object Name

        92          4          0          0          0        790   dma.o
       176         12          0          0          0        975   gpio.o
       252         42          0          0         84       2241   i2c.o
      2248        270          0         63       8082     734764   main.o
        64         26        452          0       1536        840   startup_stm32f446xx.o
       180         28          0         12          0       9237   stm32f4xx_hal.o
       232         14          0          0          0      34493   stm32f4xx_hal_cortex.o
      1084         16          8          0          0       7310   stm32f4xx_hal_dma.o
       830         78          0          0          0       3102   stm32f4xx_hal_gpio.o
      3234         72          0          0          0      20329   stm32f4xx_hal_i2c.o
        52          4          0          0          0        858   stm32f4xx_hal_msp.o
       112         14          0          0          0       1280   stm32f4xx_hal_pwr_ex.o
       372         44          0          0          0       2894   stm32f4xx_hal_rcc.o
      1068         28          0          0          0       2802   stm32f4xx_hal_rcc_ex.o
      2278        136          0          0          0      18375   stm32f4xx_hal_tim.o
       148         28          0          0          0       2469   stm32f4xx_hal_tim_ex.o
      2320         40          0          0          0      18290   stm32f4xx_hal_uart.o
       172         56          0          0          0       8412   stm32f4xx_it.o
        16          4         24          4          0       1115   system_stm32f4xx.o
       968         94          0          0        360       6340   tim.o
       512         48          0          0        528       2763   usart.o

    ----------------------------------------------------------------------
     16444       1058        516         80      10592     879679   Object Totals
         0          0         32          0          0          0   (incl. Generated)
        34          0          0          1          2          0   (incl. Padding)

    ----------------------------------------------------------------------

      Code (inc. data)   RO Data    RW Data    ZI Data      Debug   Library Member Name

         8          0          0          0          0         68   __main.o
         0          0          0          0          0          0   __rtentry.o
        12          0          0          0          0          0   __rtentry2.o
         6          0          0          0          0          0   __rtentry4.o
        52          8          0          0          0          0   __scatter.o
        26          0          0          0          0          0   __scatter_copy.o
        28          0          0          0          0          0   __scatter_zi.o
        22          0          0          0          0        100   _rserrno.o
        18          0          0          0          0         80   exit.o
         6          0          0          0          0        152   heapauxi.o
         0          0          0          0          0          0   indicate_semi.o
         2          0          0          0          0          0   libinit.o
         6          0          0          0          0          0   libinit2.o
         2          0          0          0          0          0   libshutdown.o
         2          0          0          0          0          0   libshutdown2.o
         8          4          0          0         96         68   libspace.o
       238          0          0          0          0        100   lludivv7m.o
         8          4          0          0          0         68   rt_errno_addr_intlibspace.o
        78          0          0          0          0         80   rt_memclr_w.o
       138          0          0          0          0         68   rt_memcpy_v6.o
       100          0          0          0          0         80   rt_memcpy_w.o
       132          0          0          0          0         68   rt_memmove_v6.o
       122          0          0          0          0         80   rt_memmove_w.o
         2          0          0          0          0          0   rtexit.o
        10          0          0          0          0          0   rtexit2.o
        12          4          0          0          0         68   sys_exit.o
        74          0          0          0          0         80   sys_stackheap_outer.o
         2          0          0          0          0         68   use_no_semi.o
       140          4          0          0          0        132   fnaninf.o
        10          0          0          0          0        116   fpinit.o
       244          8          0          0          0        132   frem_clz.o
         0          0          0          0          0          0   usenofp.o
       176          0          0          0          0        168   fmodf.o
        16          6          0          0          0        116   funder.o

    ----------------------------------------------------------------------
      1708         38          0          0         96       1892   Library Totals
         8          0          0          0          0          0   (incl. Padding)

    ----------------------------------------------------------------------

      Code (inc. data)   RO Data    RW Data    ZI Data      Debug   Library Name

      1114         20          0          0         96       1228   c_w.l
       394         12          0          0          0        380   fz_wm.l
       192          6          0          0          0        284   m_wm.l

    ----------------------------------------------------------------------
      1708         38          0          0         96       1892   Library Totals

    ----------------------------------------------------------------------

==============================================================================


      Code (inc. data)   RO Data    RW Data    ZI Data      Debug   

     18152       1096        516         80      10688     866399   Grand Totals
     18152       1096        516         80      10688     866399   ELF Image Totals
     18152       1096        516         80          0          0   ROM Totals

==============================================================================

    Total RO  Size (Code + RO Data)                18668 (  18.23kB)
    Total RW  Size (RW Data + ZI Data)             10768 (  10.52kB)
    Total ROM Size (Code + RO Data + RW Data)      18748 (  18.31kB)

==============================================================================

